Archive member included to satisfy reference by file (symbol)

C:/MaximSDK/Libraries/PeriphDrivers/bin/MAX32650/softfp/libPeriphDriver_softfp.a(mxc_delay.o)
                              c:/MaximSDK/Examples/MAX32650/I2C_SCAN/build/startup_max32650.o (SysTick_Handler)
C:/MaximSDK/Libraries/PeriphDrivers/bin/MAX32650/softfp/libPeriphDriver_softfp.a(sys_me10.o)
                              c:/MaximSDK/Examples/MAX32650/I2C_SCAN/build/system_max32650.o (MXC_SYS_ClockDisable)
C:/MaximSDK/Libraries/PeriphDrivers/bin/MAX32650/softfp/libPeriphDriver_softfp.a(flc_me10.o)
                              C:/MaximSDK/Libraries/PeriphDrivers/bin/MAX32650/softfp/libPeriphDriver_softfp.a(sys_me10.o) (MXC_FLC_UnlockInfoBlock)
C:/MaximSDK/Libraries/PeriphDrivers/bin/MAX32650/softfp/libPeriphDriver_softfp.a(flc_reva.o)
                              C:/MaximSDK/Libraries/PeriphDrivers/bin/MAX32650/softfp/libPeriphDriver_softfp.a(flc_me10.o) (MXC_FLC_RevA_Busy)
C:/MaximSDK/Libraries/PeriphDrivers/bin/MAX32650/softfp/libPeriphDriver_softfp.a(flc_common.o)
                              C:/MaximSDK/Libraries/PeriphDrivers/bin/MAX32650/softfp/libPeriphDriver_softfp.a(flc_me10.o) (MXC_FLC_Com_VerifyData)
C:/MaximSDK/Libraries/PeriphDrivers/bin/MAX32650/softfp/libPeriphDriver_softfp.a(gpio_me10.o)
                              c:/MaximSDK/Examples/MAX32650/I2C_SCAN/build/pb.o (MXC_GPIO_InGet)
C:/MaximSDK/Libraries/PeriphDrivers/bin/MAX32650/softfp/libPeriphDriver_softfp.a(gpio_reva.o)
                              C:/MaximSDK/Libraries/PeriphDrivers/bin/MAX32650/softfp/libPeriphDriver_softfp.a(gpio_me10.o) (MXC_GPIO_RevA_InGet)
C:/MaximSDK/Libraries/PeriphDrivers/bin/MAX32650/softfp/libPeriphDriver_softfp.a(gpio_common.o)
                              C:/MaximSDK/Libraries/PeriphDrivers/bin/MAX32650/softfp/libPeriphDriver_softfp.a(gpio_me10.o) (MXC_GPIO_Common_Init)
C:/MaximSDK/Libraries/PeriphDrivers/bin/MAX32650/softfp/libPeriphDriver_softfp.a(i2c_me10.o)
                              c:/MaximSDK/Examples/MAX32650/I2C_SCAN/build/main.o (MXC_I2C_Init)
C:/MaximSDK/Libraries/PeriphDrivers/bin/MAX32650/softfp/libPeriphDriver_softfp.a(i2c_reva.o)
                              C:/MaximSDK/Libraries/PeriphDrivers/bin/MAX32650/softfp/libPeriphDriver_softfp.a(i2c_me10.o) (MXC_I2C_RevA_DMACallback)
C:/MaximSDK/Libraries/PeriphDrivers/bin/MAX32650/softfp/libPeriphDriver_softfp.a(icc_me10.o)
                              C:/MaximSDK/Libraries/PeriphDrivers/bin/MAX32650/softfp/libPeriphDriver_softfp.a(flc_me10.o) (MXC_ICC_Flush)
C:/MaximSDK/Libraries/PeriphDrivers/bin/MAX32650/softfp/libPeriphDriver_softfp.a(icc_reva.o)
                              C:/MaximSDK/Libraries/PeriphDrivers/bin/MAX32650/softfp/libPeriphDriver_softfp.a(icc_me10.o) (MXC_ICC_RevA_ID)
C:/MaximSDK/Libraries/PeriphDrivers/bin/MAX32650/softfp/libPeriphDriver_softfp.a(icc_common.o)
                              C:/MaximSDK/Libraries/PeriphDrivers/bin/MAX32650/softfp/libPeriphDriver_softfp.a(icc_me10.o) (MXC_ICC_Com_Flush)
C:/MaximSDK/Libraries/PeriphDrivers/bin/MAX32650/softfp/libPeriphDriver_softfp.a(rtc_me10.o)
                              C:/MaximSDK/Libraries/PeriphDrivers/bin/MAX32650/softfp/libPeriphDriver_softfp.a(sys_me10.o) (MXC_RTC_Start)
C:/MaximSDK/Libraries/PeriphDrivers/bin/MAX32650/softfp/libPeriphDriver_softfp.a(rtc_reva.o)
                              C:/MaximSDK/Libraries/PeriphDrivers/bin/MAX32650/softfp/libPeriphDriver_softfp.a(rtc_me10.o) (MXC_RTC_RevA_GetBusyFlag)
C:/MaximSDK/Libraries/PeriphDrivers/bin/MAX32650/softfp/libPeriphDriver_softfp.a(tmr_me10.o)
                              C:/MaximSDK/Libraries/PeriphDrivers/bin/MAX32650/softfp/libPeriphDriver_softfp.a(rtc_reva.o) (MXC_TMR_Shutdown)
C:/MaximSDK/Libraries/PeriphDrivers/bin/MAX32650/softfp/libPeriphDriver_softfp.a(tmr_reva.o)
                              C:/MaximSDK/Libraries/PeriphDrivers/bin/MAX32650/softfp/libPeriphDriver_softfp.a(tmr_me10.o) (MXC_TMR_RevA_Init)
C:/MaximSDK/Libraries/PeriphDrivers/bin/MAX32650/softfp/libPeriphDriver_softfp.a(tmr_common.o)
                              C:/MaximSDK/Libraries/PeriphDrivers/bin/MAX32650/softfp/libPeriphDriver_softfp.a(tmr_me10.o) (MXC_TMR_Common_Delay)
C:/MaximSDK/Libraries/PeriphDrivers/bin/MAX32650/softfp/libPeriphDriver_softfp.a(uart_me10.o)
                              c:/MaximSDK/Examples/MAX32650/I2C_SCAN/build/board.o (MXC_UART_Init)
C:/MaximSDK/Libraries/PeriphDrivers/bin/MAX32650/softfp/libPeriphDriver_softfp.a(uart_reva.o)
                              C:/MaximSDK/Libraries/PeriphDrivers/bin/MAX32650/softfp/libPeriphDriver_softfp.a(uart_me10.o) (MXC_UART_RevA_Init)
C:/MaximSDK/Libraries/PeriphDrivers/bin/MAX32650/softfp/libPeriphDriver_softfp.a(uart_common.o)
                              C:/MaximSDK/Libraries/PeriphDrivers/bin/MAX32650/softfp/libPeriphDriver_softfp.a(uart_me10.o) (MXC_UART_Common_ReadCharacter)
[...]
Memory Configuration

Name             Origin             Length             Attributes
ROM              0x00000000         0x00010000         xr
FLASH            0x10000000         0x00300000         xr
SRAM             0x20000000         0x00100000         xrw
*default*        0x00000000         0xffffffff

Linker script and memory map

LOAD c:/maximsdk/tools/gnutools/10.3/bin/../lib/gcc/arm-none-eabi/10.3.1/thumb/v7e-m+fp/softfp/crti.o
LOAD c:/maximsdk/tools/gnutools/10.3/bin/../lib/gcc/arm-none-eabi/10.3.1/thumb/v7e-m+fp/softfp/crtbegin.o
LOAD c:/maximsdk/tools/gnutools/10.3/bin/../lib/gcc/arm-none-eabi/10.3.1/../../../../arm-none-eabi/lib/thumb/v7e-m+fp/softfp/crt0.o
LOAD c:/MaximSDK/Examples/MAX32650/I2C_SCAN/build/main.o
LOAD c:/MaximSDK/Examples/MAX32650/I2C_SCAN/build/board.o
LOAD c:/MaximSDK/Examples/MAX32650/I2C_SCAN/build/stdio.o
LOAD c:/MaximSDK/Examples/MAX32650/I2C_SCAN/build/led.o
LOAD c:/MaximSDK/Examples/MAX32650/I2C_SCAN/build/pb.o
LOAD c:/MaximSDK/Examples/MAX32650/I2C_SCAN/build/max11261.o
LOAD c:/MaximSDK/Examples/MAX32650/I2C_SCAN/build/startup_max32650.o
LOAD c:/MaximSDK/Examples/MAX32650/I2C_SCAN/build/heap.o
LOAD c:/MaximSDK/Examples/MAX32650/I2C_SCAN/build/system_max32650.o
START GROUP
LOAD C:/MaximSDK/Libraries/PeriphDrivers/bin/MAX32650/softfp/libPeriphDriver_softfp.a
LOAD c:/maximsdk/tools/gnutools/10.3/bin/../lib/gcc/arm-none-eabi/10.3.1/../../../../arm-none-eabi/lib/thumb/v7e-m+fp/softfp\libc.a
LOAD c:/maximsdk/tools/gnutools/10.3/bin/../lib/gcc/arm-none-eabi/10.3.1/../../../../arm-none-eabi/lib/thumb/v7e-m+fp/softfp\libm.a
LOAD c:/maximsdk/tools/gnutools/10.3/bin/../lib/gcc/arm-none-eabi/10.3.1/../../../../arm-none-eabi/lib/thumb/v7e-m+fp/softfp\libnosys.a
END GROUP
START GROUP
LOAD c:/maximsdk/tools/gnutools/10.3/bin/../lib/gcc/arm-none-eabi/10.3.1/thumb/v7e-m+fp/softfp\libgcc.a
LOAD c:/maximsdk/tools/gnutools/10.3/bin/../lib/gcc/arm-none-eabi/10.3.1/../../../../arm-none-eabi/lib/thumb/v7e-m+fp/softfp\libc.a
END GROUP
LOAD c:/maximsdk/tools/gnutools/10.3/bin/../lib/gcc/arm-none-eabi/10.3.1/thumb/v7e-m+fp/softfp/crtend.o
LOAD c:/maximsdk/tools/gnutools/10.3/bin/../lib/gcc/arm-none-eabi/10.3.1/thumb/v7e-m+fp/softfp/crtn.o

.text           0x10000000     0x9520
                0x10000000                _text = .
 *(.isr_vector)
 .isr_vector    0x10000000      0x184 c:/MaximSDK/Examples/MAX32650/I2C_SCAN/build/startup_max32650.o
                0x10000000                __isr_vector
 *(.text*)
 .text          0x10000184       0x40 c:/maximsdk/tools/gnutools/10.3/bin/../lib/gcc/arm-none-eabi/10.3.1/thumb/v7e-m+fp/softfp/crtbegin.o
 .text.main     0x100001c4      0x108 c:/MaximSDK/Examples/MAX32650/I2C_SCAN/build/main.o
                0x100001c4                main
 .text.mxc_assert
                0x100002cc       0x10 c:/MaximSDK/Examples/MAX32650/I2C_SCAN/build/board.o
                0x100002cc                mxc_assert
 .text.GPIO1_IRQHandler
                0x100002dc        0xa c:/MaximSDK/Examples/MAX32650/I2C_SCAN/build/board.o
                0x100002dc                GPIO1_IRQHandler
 *fill*         0x100002e6        0x2 
 .text.Console_Init
                0x100002e8       0x14 c:/MaximSDK/Examples/MAX32650/I2C_SCAN/build/board.o
                0x100002e8                Console_Init
 .text.Board_Init
                0x100002fc       0x3c c:/MaximSDK/Examples/MAX32650/I2C_SCAN/build/board.o
                0x100002fc                Board_Init
 .text.NMI_Handler
                0x10000338        0x4 c:/MaximSDK/Examples/MAX32650/I2C_SCAN/build/board.o
                0x10000338                NMI_Handler
 .text._close   0x1000033c        0x6 c:/MaximSDK/Examples/MAX32650/I2C_SCAN/build/stdio.o
                0x1000033c                _close
 .text._isatty  0x10000342        0x6 c:/MaximSDK/Examples/MAX32650/I2C_SCAN/build/stdio.o
                0x10000342                _isatty
 .text._lseek   0x10000348        0x6 c:/MaximSDK/Examples/MAX32650/I2C_SCAN/build/stdio.o
                0x10000348                _lseek
 .text._fstat   0x1000034e        0x6 c:/MaximSDK/Examples/MAX32650/I2C_SCAN/build/stdio.o
                0x1000034e                _fstat
 .text._read    0x10000354       0x50 c:/MaximSDK/Examples/MAX32650/I2C_SCAN/build/stdio.o
                0x10000354                _read
 .text._write   0x100003a4       0x44 c:/MaximSDK/Examples/MAX32650/I2C_SCAN/build/stdio.o
                0x100003a4                _write
 .text.LED_Off  0x100003e8       0x44 c:/MaximSDK/Examples/MAX32650/I2C_SCAN/build/led.o
                0x100003e8                LED_Off
 .text.LED_Init
                0x1000042c       0x3c c:/MaximSDK/Examples/MAX32650/I2C_SCAN/build/led.o
                0x1000042c                LED_Init
 .text.PB_Init  0x10000468       0x38 c:/MaximSDK/Examples/MAX32650/I2C_SCAN/build/pb.o
                0x10000468                PB_Init
 .text          0x100004a0      0x118 c:/MaximSDK/Examples/MAX32650/I2C_SCAN/build/startup_max32650.o
                0x100004a0                Reset_Handler
                0x100004de                HardFault_Handler
                0x100004e0                MemManage_Handler
                0x100004e2                BusFault_Handler
                0x100004e4                UsageFault_Handler
                0x100004e6                SVC_Handler
                0x100004e8                DebugMon_Handler
                0x100004ea                PendSV_Handler
                0x100004ec                Default_Handler
                0x100004ee                PF_IRQHandler
                0x100004f0                WDT0_IRQHandler
                0x100004f2                USB_IRQHandler
                0x100004f4                RTC_IRQHandler
                0x100004f6                TRNG_IRQHandler
                0x100004f8                TMR0_IRQHandler
                0x100004fa                TMR1_IRQHandler
                0x100004fc                TMR2_IRQHandler
                0x100004fe                TMR3_IRQHandler
                0x10000500                TMR4_IRQHandler
                0x10000502                TMR5_IRQHandler
                0x10000504                RSV11_IRQHandler
                0x10000506                LCD_IRQHandler
                0x10000508                I2C0_IRQHandler
                0x1000050a                UART0_IRQHandler
                0x1000050c                UART1_IRQHandler
                0x1000050e                SPI0_IRQHandler
                0x10000510                SPI1_IRQHandler
                0x10000512                SPI2_IRQHandler
                0x10000514                RSV19_IRQHandler
                0x10000516                ADC_IRQHandler
                0x10000518                RSV21_IRQHandler
                0x1000051a                RSV22_IRQHandler
                0x1000051c                FLC_IRQHandler
                0x1000051e                GPIO0_IRQHandler
                0x10000522                GPIO2_IRQHandler
                0x10000524                CRYPTO_IRQHandler
                0x10000526                DMA0_IRQHandler
                0x10000528                DMA1_IRQHandler
                0x1000052a                DMA2_IRQHandler
                0x1000052c                DMA3_IRQHandler
                0x1000052e                RSV32_IRQHandler
                0x10000530                RSV33_IRQHandler
                0x10000532                UART2_IRQHandler
                0x10000534                RSV35_IRQHandler
                0x10000536                I2C1_IRQHandler
                0x10000538                RSV37_IRQHandler
                0x1000053a                SPIXC_IRQHandler
                0x1000053c                RSV39_IRQHandler
                0x1000053e                RSV40_IRQHandler
                0x10000540                RSV41_IRQHandler
                0x10000542                RSV42_IRQHandler
                0x10000544                RSV43_IRQHandler
                0x10000546                RSV44_IRQHandler
                0x10000548                RSV45_IRQHandler
                0x1000054a                RSV46_IRQHandler
                0x1000054c                RSV47_IRQHandler
                0x1000054e                RSV48_IRQHandler
                0x10000550                RSV49_IRQHandler
                0x10000552                RSV50_IRQHandler
                0x10000554                RSV51_IRQHandler
                0x10000556                RSV52_IRQHandler
                0x10000558                RSV53_IRQHandler
                0x1000055a                GPIOWAKE_IRQHandler
                0x1000055c                RSV55_IRQHandler
                0x1000055e                SPI3_IRQHandler
                0x10000560                WDT1_IRQHandler
                0x10000562                GPIO3_IRQHandler
                0x10000564                PT_IRQHandler
                0x10000566                SDMA_IRQHandler
                0x10000568                HPB_IRQHandler
                0x1000056a                RSV62_IRQHandler
                0x1000056c                RSV63_IRQHandler
                0x1000056e                RSV64_IRQHandler
                0x10000570                RSV65_IRQHandler
                0x10000572                SDHC_IRQHandler
                0x10000574                OWM_IRQHandler
                0x10000576                DMA4_IRQHandler
                0x10000578                DMA5_IRQHandler
                0x1000057a                DMA6_IRQHandler
                0x1000057c                DMA7_IRQHandler
                0x1000057e                DMA8_IRQHandler
                0x10000580                DMA9_IRQHandler
                0x10000582                DMA10_IRQHandler
                0x10000584                DMA11_IRQHandler
                0x10000586                DMA12_IRQHandler
                0x10000588                DMA13_IRQHandler
                0x1000058a                DMA14_IRQHandler
                0x1000058c                DMA15_IRQHandler
                0x1000058e                USBDMA_IRQHandler
 .text._sbrk    0x100005b8       0x40 c:/MaximSDK/Examples/MAX32650/I2C_SCAN/build/heap.o
                0x100005b8                _sbrk
 .text._getpid  0x100005f8        0x6 c:/MaximSDK/Examples/MAX32650/I2C_SCAN/build/system_max32650.o
                0x100005f8                _getpid
 .text._kill    0x100005fe        0x6 c:/MaximSDK/Examples/MAX32650/I2C_SCAN/build/system_max32650.o
                0x100005fe                _kill
 .text.SystemCoreClockUpdate
                0x10000604       0x74 c:/MaximSDK/Examples/MAX32650/I2C_SCAN/build/system_max32650.o
                0x10000604                SystemCoreClockUpdate
 .text.PreInit  0x10000678       0x14 c:/MaximSDK/Examples/MAX32650/I2C_SCAN/build/system_max32650.o
                0x10000678                PreInit
 .text.SystemInit
                0x1000068c      0x154 c:/MaximSDK/Examples/MAX32650/I2C_SCAN/build/system_max32650.o
                0x1000068c                SystemInit
 .text.MXC_DelayInit
                0x100007e0       0x84 C:/MaximSDK/Libraries/PeriphDrivers/bin/MAX32650/softfp/libPeriphDriver_softfp.a(mxc_delay.o)
 .text.MXC_DelayAsync
                0x10000864       0x44 C:/MaximSDK/Libraries/PeriphDrivers/bin/MAX32650/softfp/libPeriphDriver_softfp.a(mxc_delay.o)
                0x10000864                MXC_DelayAsync
 .text.MXC_DelayAbort
                0x100008a8       0x34 C:/MaximSDK/Libraries/PeriphDrivers/bin/MAX32650/softfp/libPeriphDriver_softfp.a(mxc_delay.o)
                0x100008a8                MXC_DelayAbort
 .text.MXC_DelayHandler
                0x100008dc       0x40 C:/MaximSDK/Libraries/PeriphDrivers/bin/MAX32650/softfp/libPeriphDriver_softfp.a(mxc_delay.o)
                0x100008dc                MXC_DelayHandler
 .text.SysTick_Handler
                0x1000091c        0x8 C:/MaximSDK/Libraries/PeriphDrivers/bin/MAX32650/softfp/libPeriphDriver_softfp.a(mxc_delay.o)
                0x1000091c                SysTick_Handler
 .text.MXC_DelayCheck
                0x10000924       0x64 C:/MaximSDK/Libraries/PeriphDrivers/bin/MAX32650/softfp/libPeriphDriver_softfp.a(mxc_delay.o)
                0x10000924                MXC_DelayCheck
 .text.MXC_Delay
                0x10000988       0x58 C:/MaximSDK/Libraries/PeriphDrivers/bin/MAX32650/softfp/libPeriphDriver_softfp.a(mxc_delay.o)
                0x10000988                MXC_Delay
 .text.MXC_SYS_ClockDisable
                0x100009e0       0x2e C:/MaximSDK/Libraries/PeriphDrivers/bin/MAX32650/softfp/libPeriphDriver_softfp.a(sys_me10.o)
                0x100009e0                MXC_SYS_ClockDisable
 .text.MXC_SYS_ClockEnable
                0x10000a0e       0x32 C:/MaximSDK/Libraries/PeriphDrivers/bin/MAX32650/softfp/libPeriphDriver_softfp.a(sys_me10.o)
                0x10000a0e                MXC_SYS_ClockEnable
 .text.MXC_SYS_Clock_Timeout
                0x10000a40       0x30 C:/MaximSDK/Libraries/PeriphDrivers/bin/MAX32650/softfp/libPeriphDriver_softfp.a(sys_me10.o)
                0x10000a40                MXC_SYS_Clock_Timeout
 .text.MXC_SYS_Clock_Select
                0x10000a70      0x180 C:/MaximSDK/Libraries/PeriphDrivers/bin/MAX32650/softfp/libPeriphDriver_softfp.a(sys_me10.o)
                0x10000a70                MXC_SYS_Clock_Select
 .text.MXC_SYS_Reset_Periph
                0x10000bf0       0x3a C:/MaximSDK/Libraries/PeriphDrivers/bin/MAX32650/softfp/libPeriphDriver_softfp.a(sys_me10.o)
                0x10000bf0                MXC_SYS_Reset_Periph
 .text.MXC_SYS_GetUSN
                0x10000c2a       0xa6 C:/MaximSDK/Libraries/PeriphDrivers/bin/MAX32650/softfp/libPeriphDriver_softfp.a(sys_me10.o)
                0x10000c2a                MXC_SYS_GetUSN
 .text.MXC_SYS_GetRev
                0x10000cd0       0x36 C:/MaximSDK/Libraries/PeriphDrivers/bin/MAX32650/softfp/libPeriphDriver_softfp.a(sys_me10.o)
                0x10000cd0                MXC_SYS_GetRev
 *fill*         0x10000d06        0x2 
 .text.MXC_FLC_UnlockInfoBlock
                0x10000d08       0x10 C:/MaximSDK/Libraries/PeriphDrivers/bin/MAX32650/softfp/libPeriphDriver_softfp.a(flc_me10.o)
                0x10000d08                MXC_FLC_UnlockInfoBlock
 .text.MXC_FLC_LockInfoBlock
                0x10000d18       0x10 C:/MaximSDK/Libraries/PeriphDrivers/bin/MAX32650/softfp/libPeriphDriver_softfp.a(flc_me10.o)
                0x10000d18                MXC_FLC_LockInfoBlock
 .text.MXC_FLC_RevA_UnlockInfoBlock
                0x10000d28       0x40 C:/MaximSDK/Libraries/PeriphDrivers/bin/MAX32650/softfp/libPeriphDriver_softfp.a(flc_reva.o)
                0x10000d28                MXC_FLC_RevA_UnlockInfoBlock
 .text.MXC_FLC_RevA_LockInfoBlock
                0x10000d68       0x1c C:/MaximSDK/Libraries/PeriphDrivers/bin/MAX32650/softfp/libPeriphDriver_softfp.a(flc_reva.o)
                0x10000d68                MXC_FLC_RevA_LockInfoBlock
 .text.MXC_GPIO_OutSet
                0x10000d84        0x8 C:/MaximSDK/Libraries/PeriphDrivers/bin/MAX32650/softfp/libPeriphDriver_softfp.a(gpio_me10.o)
                0x10000d84                MXC_GPIO_OutSet
 .text.MXC_GPIO_GetFlags
                0x10000d8c        0x8 C:/MaximSDK/Libraries/PeriphDrivers/bin/MAX32650/softfp/libPeriphDriver_softfp.a(gpio_me10.o)
                0x10000d8c                MXC_GPIO_GetFlags
 .text.MXC_GPIO_ClearFlags
                0x10000d94        0x8 C:/MaximSDK/Libraries/PeriphDrivers/bin/MAX32650/softfp/libPeriphDriver_softfp.a(gpio_me10.o)
                0x10000d94                MXC_GPIO_ClearFlags
 .text.MXC_GPIO_Handler
                0x10000d9c        0x8 C:/MaximSDK/Libraries/PeriphDrivers/bin/MAX32650/softfp/libPeriphDriver_softfp.a(gpio_me10.o)
                0x10000d9c                MXC_GPIO_Handler
 .text.MXC_GPIO_SetVSSEL
                0x10000da4        0x8 C:/MaximSDK/Libraries/PeriphDrivers/bin/MAX32650/softfp/libPeriphDriver_softfp.a(gpio_me10.o)
                0x10000da4                MXC_GPIO_SetVSSEL
 .text.MXC_GPIO_SetDriveStrength
                0x10000dac        0x8 C:/MaximSDK/Libraries/PeriphDrivers/bin/MAX32650/softfp/libPeriphDriver_softfp.a(gpio_me10.o)
                0x10000dac                MXC_GPIO_SetDriveStrength
 .text.MXC_GPIO_Config
                0x10000db4       0xf0 C:/MaximSDK/Libraries/PeriphDrivers/bin/MAX32650/softfp/libPeriphDriver_softfp.a(gpio_me10.o)
                0x10000db4                MXC_GPIO_Config
 .text.MXC_GPIO_RevA_OutSet
                0x10000ea4        0x4 C:/MaximSDK/Libraries/PeriphDrivers/bin/MAX32650/softfp/libPeriphDriver_softfp.a(gpio_reva.o)
                0x10000ea4                MXC_GPIO_RevA_OutSet
 .text.MXC_GPIO_RevA_ClearFlags
                0x10000ea8        0x4 C:/MaximSDK/Libraries/PeriphDrivers/bin/MAX32650/softfp/libPeriphDriver_softfp.a(gpio_reva.o)
                0x10000ea8                MXC_GPIO_RevA_ClearFlags
 .text.MXC_GPIO_RevA_GetFlags
                0x10000eac        0x4 C:/MaximSDK/Libraries/PeriphDrivers/bin/MAX32650/softfp/libPeriphDriver_softfp.a(gpio_reva.o)
                0x10000eac                MXC_GPIO_RevA_GetFlags
 .text.MXC_GPIO_RevA_SetVSSEL
                0x10000eb0       0x2a C:/MaximSDK/Libraries/PeriphDrivers/bin/MAX32650/softfp/libPeriphDriver_softfp.a(gpio_reva.o)
                0x10000eb0                MXC_GPIO_RevA_SetVSSEL
 .text.MXC_GPIO_RevA_SetAF
                0x10000eda       0x56 C:/MaximSDK/Libraries/PeriphDrivers/bin/MAX32650/softfp/libPeriphDriver_softfp.a(gpio_reva.o)
                0x10000eda                MXC_GPIO_RevA_SetAF
 .text.MXC_GPIO_RevA_SetDriveStrength
                0x10000f30       0x88 C:/MaximSDK/Libraries/PeriphDrivers/bin/MAX32650/softfp/libPeriphDriver_softfp.a(gpio_reva.o)
                0x10000f30                MXC_GPIO_RevA_SetDriveStrength
 .text.MXC_GPIO_Common_Handler
                0x10000fb8       0x90 C:/MaximSDK/Libraries/PeriphDrivers/bin/MAX32650/softfp/libPeriphDriver_softfp.a(gpio_common.o)
                0x10000fb8                MXC_GPIO_Common_Handler
 .text.MXC_I2C_Init
                0x10001048       0x50 C:/MaximSDK/Libraries/PeriphDrivers/bin/MAX32650/softfp/libPeriphDriver_softfp.a(i2c_me10.o)
                0x10001048                MXC_I2C_Init
 .text.MXC_I2C_SetSlaveAddr
                0x10001098       0x3c C:/MaximSDK/Libraries/PeriphDrivers/bin/MAX32650/softfp/libPeriphDriver_softfp.a(i2c_me10.o)
                0x10001098                MXC_I2C_SetSlaveAddr
 .text.MXC_I2C_SetFrequency
                0x100010d4       0x18 C:/MaximSDK/Libraries/PeriphDrivers/bin/MAX32650/softfp/libPeriphDriver_softfp.a(i2c_me10.o)
                0x100010d4                MXC_I2C_SetFrequency
 .text.MXC_I2C_GetFrequency
                0x100010ec        0x8 C:/MaximSDK/Libraries/PeriphDrivers/bin/MAX32650/softfp/libPeriphDriver_softfp.a(i2c_me10.o)
                0x100010ec                MXC_I2C_GetFrequency
 .text.MXC_I2C_Start
                0x100010f4        0x8 C:/MaximSDK/Libraries/PeriphDrivers/bin/MAX32650/softfp/libPeriphDriver_softfp.a(i2c_me10.o)
                0x100010f4                MXC_I2C_Start
 .text.MXC_I2C_Stop
                0x100010fc        0x8 C:/MaximSDK/Libraries/PeriphDrivers/bin/MAX32650/softfp/libPeriphDriver_softfp.a(i2c_me10.o)
                0x100010fc                MXC_I2C_Stop
 .text.MXC_I2C_ReadRXFIFO
                0x10001104        0x8 C:/MaximSDK/Libraries/PeriphDrivers/bin/MAX32650/softfp/libPeriphDriver_softfp.a(i2c_me10.o)
                0x10001104                MXC_I2C_ReadRXFIFO
 .text.MXC_I2C_WriteTXFIFO
                0x1000110c        0x8 C:/MaximSDK/Libraries/PeriphDrivers/bin/MAX32650/softfp/libPeriphDriver_softfp.a(i2c_me10.o)
                0x1000110c                MXC_I2C_WriteTXFIFO
 .text.MXC_I2C_ClearRXFIFO
                0x10001114        0x8 C:/MaximSDK/Libraries/PeriphDrivers/bin/MAX32650/softfp/libPeriphDriver_softfp.a(i2c_me10.o)
                0x10001114                MXC_I2C_ClearRXFIFO
 .text.MXC_I2C_ClearTXFIFO
                0x1000111c        0x8 C:/MaximSDK/Libraries/PeriphDrivers/bin/MAX32650/softfp/libPeriphDriver_softfp.a(i2c_me10.o)
                0x1000111c                MXC_I2C_ClearTXFIFO
 .text.MXC_I2C_ClearFlags
                0x10001124        0x8 C:/MaximSDK/Libraries/PeriphDrivers/bin/MAX32650/softfp/libPeriphDriver_softfp.a(i2c_me10.o)
                0x10001124                MXC_I2C_ClearFlags
 .text.MXC_I2C_Recover
                0x1000112c        0x8 C:/MaximSDK/Libraries/PeriphDrivers/bin/MAX32650/softfp/libPeriphDriver_softfp.a(i2c_me10.o)
                0x1000112c                MXC_I2C_Recover
 .text.MXC_I2C_MasterTransaction
                0x10001134        0x8 C:/MaximSDK/Libraries/PeriphDrivers/bin/MAX32650/softfp/libPeriphDriver_softfp.a(i2c_me10.o)
                0x10001134                MXC_I2C_MasterTransaction
 .text.MXC_I2C_SetRXThreshold
                0x1000113c        0x8 C:/MaximSDK/Libraries/PeriphDrivers/bin/MAX32650/softfp/libPeriphDriver_softfp.a(i2c_me10.o)
                0x1000113c                MXC_I2C_SetRXThreshold
 .text.MXC_I2C_SetTXThreshold
                0x10001144        0x8 C:/MaximSDK/Libraries/PeriphDrivers/bin/MAX32650/softfp/libPeriphDriver_softfp.a(i2c_me10.o)
                0x10001144                MXC_I2C_SetTXThreshold
 .text.MXC_I2C_RevA_Init
                0x1000114c       0xe4 C:/MaximSDK/Libraries/PeriphDrivers/bin/MAX32650/softfp/libPeriphDriver_softfp.a(i2c_reva.o)
                0x1000114c                MXC_I2C_RevA_Init
 .text.MXC_I2C_RevA_SetFrequency
                0x10001230       0xd4 C:/MaximSDK/Libraries/PeriphDrivers/bin/MAX32650/softfp/libPeriphDriver_softfp.a(i2c_reva.o)
                0x10001230                MXC_I2C_RevA_SetFrequency
 .text.MXC_I2C_RevA_GetFrequency
                0x10001304       0x38 C:/MaximSDK/Libraries/PeriphDrivers/bin/MAX32650/softfp/libPeriphDriver_softfp.a(i2c_reva.o)
                0x10001304                MXC_I2C_RevA_GetFrequency
 .text.MXC_I2C_RevA_Start
                0x1000133c       0x28 C:/MaximSDK/Libraries/PeriphDrivers/bin/MAX32650/softfp/libPeriphDriver_softfp.a(i2c_reva.o)
                0x1000133c                MXC_I2C_RevA_Start
 .text.MXC_I2C_RevA_Stop
                0x10001364       0x1e C:/MaximSDK/Libraries/PeriphDrivers/bin/MAX32650/softfp/libPeriphDriver_softfp.a(i2c_reva.o)
                0x10001364                MXC_I2C_RevA_Stop
 .text.MXC_I2C_RevA_ReadRXFIFO
                0x10001382       0x30 C:/MaximSDK/Libraries/PeriphDrivers/bin/MAX32650/softfp/libPeriphDriver_softfp.a(i2c_reva.o)
                0x10001382                MXC_I2C_RevA_ReadRXFIFO
 .text.MXC_I2C_RevA_GetRXFIFOAvailable
                0x100013b2       0x10 C:/MaximSDK/Libraries/PeriphDrivers/bin/MAX32650/softfp/libPeriphDriver_softfp.a(i2c_reva.o)
                0x100013b2                MXC_I2C_RevA_GetRXFIFOAvailable
 .text.MXC_I2C_RevA_WriteTXFIFO
                0x100013c2       0x30 C:/MaximSDK/Libraries/PeriphDrivers/bin/MAX32650/softfp/libPeriphDriver_softfp.a(i2c_reva.o)
                0x100013c2                MXC_I2C_RevA_WriteTXFIFO
 .text.MXC_I2C_RevA_ClearRXFIFO
                0x100013f2       0x12 C:/MaximSDK/Libraries/PeriphDrivers/bin/MAX32650/softfp/libPeriphDriver_softfp.a(i2c_reva.o)
                0x100013f2                MXC_I2C_RevA_ClearRXFIFO
 .text.MXC_I2C_RevA_ClearTXFIFO
                0x10001404       0x12 C:/MaximSDK/Libraries/PeriphDrivers/bin/MAX32650/softfp/libPeriphDriver_softfp.a(i2c_reva.o)
                0x10001404                MXC_I2C_RevA_ClearTXFIFO
 .text.MXC_I2C_RevA_ClearFlags
                0x10001416        0x6 C:/MaximSDK/Libraries/PeriphDrivers/bin/MAX32650/softfp/libPeriphDriver_softfp.a(i2c_reva.o)
                0x10001416                MXC_I2C_RevA_ClearFlags
 .text.MXC_I2C_RevA_Recover
                0x1000141c       0xd8 C:/MaximSDK/Libraries/PeriphDrivers/bin/MAX32650/softfp/libPeriphDriver_softfp.a(i2c_reva.o)
                0x1000141c                MXC_I2C_RevA_Recover
 .text.MXC_I2C_RevA_MasterTransaction
                0x100014f4      0x19c C:/MaximSDK/Libraries/PeriphDrivers/bin/MAX32650/softfp/libPeriphDriver_softfp.a(i2c_reva.o)
                0x100014f4                MXC_I2C_RevA_MasterTransaction
 .text.MXC_I2C_RevA_SetRXThreshold
                0x10001690       0x1e C:/MaximSDK/Libraries/PeriphDrivers/bin/MAX32650/softfp/libPeriphDriver_softfp.a(i2c_reva.o)
                0x10001690                MXC_I2C_RevA_SetRXThreshold
 .text.MXC_I2C_RevA_SetTXThreshold
                0x100016ae       0x20 C:/MaximSDK/Libraries/PeriphDrivers/bin/MAX32650/softfp/libPeriphDriver_softfp.a(i2c_reva.o)
                0x100016ae                MXC_I2C_RevA_SetTXThreshold
 *fill*         0x100016ce        0x2 
 .text.MXC_UART_Shutdown
                0x100016d0       0x58 C:/MaximSDK/Libraries/PeriphDrivers/bin/MAX32650/softfp/libPeriphDriver_softfp.a(uart_me10.o)
                0x100016d0                MXC_UART_Shutdown
 .text.MXC_UART_Init
                0x10001728       0xac C:/MaximSDK/Libraries/PeriphDrivers/bin/MAX32650/softfp/libPeriphDriver_softfp.a(uart_me10.o)
                0x10001728                MXC_UART_Init
 .text.MXC_UART_SetFrequency
                0x100017d4        0x8 C:/MaximSDK/Libraries/PeriphDrivers/bin/MAX32650/softfp/libPeriphDriver_softfp.a(uart_me10.o)
                0x100017d4                MXC_UART_SetFrequency
 .text.MXC_UART_GetFrequency
                0x100017dc        0x8 C:/MaximSDK/Libraries/PeriphDrivers/bin/MAX32650/softfp/libPeriphDriver_softfp.a(uart_me10.o)
                0x100017dc                MXC_UART_GetFrequency
 .text.MXC_UART_SetDataSize
                0x100017e4        0x8 C:/MaximSDK/Libraries/PeriphDrivers/bin/MAX32650/softfp/libPeriphDriver_softfp.a(uart_me10.o)
                0x100017e4                MXC_UART_SetDataSize
 .text.MXC_UART_SetStopBits
                0x100017ec        0x8 C:/MaximSDK/Libraries/PeriphDrivers/bin/MAX32650/softfp/libPeriphDriver_softfp.a(uart_me10.o)
                0x100017ec                MXC_UART_SetStopBits
 .text.MXC_UART_SetParity
                0x100017f4        0x8 C:/MaximSDK/Libraries/PeriphDrivers/bin/MAX32650/softfp/libPeriphDriver_softfp.a(uart_me10.o)
                0x100017f4                MXC_UART_SetParity
 .text.MXC_UART_ReadCharacter
                0x100017fc       0x28 C:/MaximSDK/Libraries/PeriphDrivers/bin/MAX32650/softfp/libPeriphDriver_softfp.a(uart_me10.o)
                0x100017fc                MXC_UART_ReadCharacter
 .text.MXC_UART_WriteCharacter
                0x10001824       0x28 C:/MaximSDK/Libraries/PeriphDrivers/bin/MAX32650/softfp/libPeriphDriver_softfp.a(uart_me10.o)
                0x10001824                MXC_UART_WriteCharacter
 .text.MXC_UART_ReadCharacterRaw
                0x1000184c        0x8 C:/MaximSDK/Libraries/PeriphDrivers/bin/MAX32650/softfp/libPeriphDriver_softfp.a(uart_me10.o)
                0x1000184c                MXC_UART_ReadCharacterRaw
 .text.MXC_UART_WriteCharacterRaw
                0x10001854        0x8 C:/MaximSDK/Libraries/PeriphDrivers/bin/MAX32650/softfp/libPeriphDriver_softfp.a(uart_me10.o)
                0x10001854                MXC_UART_WriteCharacterRaw
 .text.MXC_UART_GetRXFIFOAvailable
                0x1000185c       0x28 C:/MaximSDK/Libraries/PeriphDrivers/bin/MAX32650/softfp/libPeriphDriver_softfp.a(uart_me10.o)
                0x1000185c                MXC_UART_GetRXFIFOAvailable
 .text.MXC_UART_GetTXFIFOAvailable
                0x10001884       0x28 C:/MaximSDK/Libraries/PeriphDrivers/bin/MAX32650/softfp/libPeriphDriver_softfp.a(uart_me10.o)
                0x10001884                MXC_UART_GetTXFIFOAvailable
 .text.MXC_UART_SetRXThreshold
                0x100018ac        0x8 C:/MaximSDK/Libraries/PeriphDrivers/bin/MAX32650/softfp/libPeriphDriver_softfp.a(uart_me10.o)
                0x100018ac                MXC_UART_SetRXThreshold
 .text.MXC_UART_SetTXThreshold
                0x100018b4        0x8 C:/MaximSDK/Libraries/PeriphDrivers/bin/MAX32650/softfp/libPeriphDriver_softfp.a(uart_me10.o)
                0x100018b4                MXC_UART_SetTXThreshold
 .text.MXC_UART_RevA_Init
                0x100018bc       0xd4 C:/MaximSDK/Libraries/PeriphDrivers/bin/MAX32650/softfp/libPeriphDriver_softfp.a(uart_reva.o)
                0x100018bc                MXC_UART_RevA_Init
 .text.MXC_UART_RevA_SetFrequency
                0x10001990      0x108 C:/MaximSDK/Libraries/PeriphDrivers/bin/MAX32650/softfp/libPeriphDriver_softfp.a(uart_reva.o)
                0x10001990                MXC_UART_RevA_SetFrequency
 .text.MXC_UART_RevA_GetFrequency
                0x10001a98       0xb4 C:/MaximSDK/Libraries/PeriphDrivers/bin/MAX32650/softfp/libPeriphDriver_softfp.a(uart_reva.o)
                0x10001a98                MXC_UART_RevA_GetFrequency
 .text.MXC_UART_RevA_SetDataSize
                0x10001b4c       0x20 C:/MaximSDK/Libraries/PeriphDrivers/bin/MAX32650/softfp/libPeriphDriver_softfp.a(uart_reva.o)
                0x10001b4c                MXC_UART_RevA_SetDataSize
 .text.MXC_UART_RevA_SetStopBits
                0x10001b6c       0x24 C:/MaximSDK/Libraries/PeriphDrivers/bin/MAX32650/softfp/libPeriphDriver_softfp.a(uart_reva.o)
                0x10001b6c                MXC_UART_RevA_SetStopBits
 .text.MXC_UART_RevA_SetParity
                0x10001b90      0x11a C:/MaximSDK/Libraries/PeriphDrivers/bin/MAX32650/softfp/libPeriphDriver_softfp.a(uart_reva.o)
                0x10001b90                MXC_UART_RevA_SetParity
 .text.MXC_UART_RevA_ReadCharacterRaw
                0x10001caa       0x12 C:/MaximSDK/Libraries/PeriphDrivers/bin/MAX32650/softfp/libPeriphDriver_softfp.a(uart_reva.o)
                0x10001caa                MXC_UART_RevA_ReadCharacterRaw
 .text.MXC_UART_RevA_WriteCharacterRaw
                0x10001cbc       0x14 C:/MaximSDK/Libraries/PeriphDrivers/bin/MAX32650/softfp/libPeriphDriver_softfp.a(uart_reva.o)
                0x10001cbc                MXC_UART_RevA_WriteCharacterRaw
 .text.MXC_UART_RevA_GetRXFIFOAvailable
                0x10001cd0        0x8 C:/MaximSDK/Libraries/PeriphDrivers/bin/MAX32650/softfp/libPeriphDriver_softfp.a(uart_reva.o)
                0x10001cd0                MXC_UART_RevA_GetRXFIFOAvailable
 .text.MXC_UART_RevA_GetTXFIFOAvailable
                0x10001cd8        0xc C:/MaximSDK/Libraries/PeriphDrivers/bin/MAX32650/softfp/libPeriphDriver_softfp.a(uart_reva.o)
                0x10001cd8                MXC_UART_RevA_GetTXFIFOAvailable
 .text.MXC_UART_RevA_SetRXThreshold
                0x10001ce4       0x1e C:/MaximSDK/Libraries/PeriphDrivers/bin/MAX32650/softfp/libPeriphDriver_softfp.a(uart_reva.o)
                0x10001ce4                MXC_UART_RevA_SetRXThreshold
 .text.MXC_UART_RevA_SetTXThreshold
                0x10001d02       0x20 C:/MaximSDK/Libraries/PeriphDrivers/bin/MAX32650/softfp/libPeriphDriver_softfp.a(uart_reva.o)
                0x10001d02                MXC_UART_RevA_SetTXThreshold
 .text.MXC_UART_Common_ReadCharacter
                0x10001d22       0x16 C:/MaximSDK/Libraries/PeriphDrivers/bin/MAX32650/softfp/libPeriphDriver_softfp.a(uart_common.o)
                0x10001d22                MXC_UART_Common_ReadCharacter
 .text.MXC_UART_Common_WriteCharacter
                0x10001d38       0x1a C:/MaximSDK/Libraries/PeriphDrivers/bin/MAX32650/softfp/libPeriphDriver_softfp.a(uart_common.o)
                0x10001d38                MXC_UART_Common_WriteCharacter
 *fill*         0x10001d52        0x2 
 .text.__errno  0x10001d54        0xc c:/maximsdk/tools/gnutools/10.3/bin/../lib/gcc/arm-none-eabi/10.3.1/../../../../arm-none-eabi/lib/thumb/v7e-m+fp/softfp\libc.a(lib_a-errno.o)
                0x10001d54                __errno
 .text.__libc_init_array
                0x10001d60       0x48 c:/maximsdk/tools/gnutools/10.3/bin/../lib/gcc/arm-none-eabi/10.3.1/../../../../arm-none-eabi/lib/thumb/v7e-m+fp/softfp\libc.a(lib_a-init.o)
                0x10001d60                __libc_init_array
 .text          0x10001da8      0x134 c:/maximsdk/tools/gnutools/10.3/bin/../lib/gcc/arm-none-eabi/10.3.1/../../../../arm-none-eabi/lib/thumb/v7e-m+fp/softfp\libc.a(lib_a-memcpy.o)
                0x10001da8                memcpy
 .text.memset   0x10001edc       0xa4 c:/maximsdk/tools/gnutools/10.3/bin/../lib/gcc/arm-none-eabi/10.3.1/../../../../arm-none-eabi/lib/thumb/v7e-m+fp/softfp\libc.a(lib_a-memset.o)
                0x10001edc                memset
 .text.printf   0x10001f80       0x28 c:/maximsdk/tools/gnutools/10.3/bin/../lib/gcc/arm-none-eabi/10.3.1/../../../../arm-none-eabi/lib/thumb/v7e-m+fp/softfp\libc.a(lib_a-printf.o)
                0x10001f80                printf
 .text._puts_r  0x10001fa8       0x9c c:/maximsdk/tools/gnutools/10.3/bin/../lib/gcc/arm-none-eabi/10.3.1/../../../../arm-none-eabi/lib/thumb/v7e-m+fp/softfp\libc.a(lib_a-puts.o)
                0x10001fa8                _puts_r
 .text.puts     0x10002044       0x10 c:/maximsdk/tools/gnutools/10.3/bin/../lib/gcc/arm-none-eabi/10.3.1/../../../../arm-none-eabi/lib/thumb/v7e-m+fp/softfp\libc.a(lib_a-puts.o)
                0x10002044                puts
 *fill*         0x10002054       0x2c 
 .text          0x10002080       0xdc c:/maximsdk/tools/gnutools/10.3/bin/../lib/gcc/arm-none-eabi/10.3.1/../../../../arm-none-eabi/lib/thumb/v7e-m+fp/softfp\libc.a(lib_a-strlen.o)
                0x10002080                strlen
 *fill*         0x1000215c        0x4 
 .text._vfprintf_r
                0x10002160     0x1b8c c:/maximsdk/tools/gnutools/10.3/bin/../lib/gcc/arm-none-eabi/10.3.1/../../../../arm-none-eabi/lib/thumb/v7e-m+fp/softfp\libc.a(lib_a-vfprintf.o)
                0x10002160                _vfprintf_r
 .text.__sbprintf
                0x10003cec       0x80 c:/maximsdk/tools/gnutools/10.3/bin/../lib/gcc/arm-none-eabi/10.3.1/../../../../arm-none-eabi/lib/thumb/v7e-m+fp/softfp\libc.a(lib_a-vfprintf.o)
 .text.__swsetup_r
                0x10003d6c       0xd4 c:/maximsdk/tools/gnutools/10.3/bin/../lib/gcc/arm-none-eabi/10.3.1/../../../../arm-none-eabi/lib/thumb/v7e-m+fp/softfp\libc.a(lib_a-wsetup.o)
                0x10003d6c                __swsetup_r
 .text.startup.register_fini
                0x10003e40       0x14 c:/maximsdk/tools/gnutools/10.3/bin/../lib/gcc/arm-none-eabi/10.3.1/../../../../arm-none-eabi/lib/thumb/v7e-m+fp/softfp\libc.a(lib_a-__call_atexit.o)
 .text.atexit   0x10003e54        0xc c:/maximsdk/tools/gnutools/10.3/bin/../lib/gcc/arm-none-eabi/10.3.1/../../../../arm-none-eabi/lib/thumb/v7e-m+fp/softfp\libc.a(lib_a-atexit.o)
                0x10003e54                atexit
 .text.quorem   0x10003e60      0x128 c:/maximsdk/tools/gnutools/10.3/bin/../lib/gcc/arm-none-eabi/10.3.1/../../../../arm-none-eabi/lib/thumb/v7e-m+fp/softfp\libc.a(lib_a-dtoa.o)
 .text._dtoa_r  0x10003f88      0xf34 c:/maximsdk/tools/gnutools/10.3/bin/../lib/gcc/arm-none-eabi/10.3.1/../../../../arm-none-eabi/lib/thumb/v7e-m+fp/softfp\libc.a(lib_a-dtoa.o)
                0x10003f88                _dtoa_r
 .text.__sflush_r
                0x10004ebc      0x130 c:/maximsdk/tools/gnutools/10.3/bin/../lib/gcc/arm-none-eabi/10.3.1/../../../../arm-none-eabi/lib/thumb/v7e-m+fp/softfp\libc.a(lib_a-fflush.o)
                0x10004ebc                __sflush_r
 .text._fflush_r
                0x10004fec       0x5c c:/maximsdk/tools/gnutools/10.3/bin/../lib/gcc/arm-none-eabi/10.3.1/../../../../arm-none-eabi/lib/thumb/v7e-m+fp/softfp\libc.a(lib_a-fflush.o)
                0x10004fec                _fflush_r
 .text._cleanup_r
                0x10005048        0xc c:/maximsdk/tools/gnutools/10.3/bin/../lib/gcc/arm-none-eabi/10.3.1/../../../../arm-none-eabi/lib/thumb/v7e-m+fp/softfp\libc.a(lib_a-findfp.o)
                0x10005048                _cleanup_r
 .text.__sinit  0x10005054      0x10c c:/maximsdk/tools/gnutools/10.3/bin/../lib/gcc/arm-none-eabi/10.3.1/../../../../arm-none-eabi/lib/thumb/v7e-m+fp/softfp\libc.a(lib_a-findfp.o)
                0x10005054                __sinit
 .text.__sfp_lock_acquire
                0x10005160        0xc c:/maximsdk/tools/gnutools/10.3/bin/../lib/gcc/arm-none-eabi/10.3.1/../../../../arm-none-eabi/lib/thumb/v7e-m+fp/softfp\libc.a(lib_a-findfp.o)
                0x10005160                __sfp_lock_acquire
 .text.__sfp_lock_release
                0x1000516c        0xc c:/maximsdk/tools/gnutools/10.3/bin/../lib/gcc/arm-none-eabi/10.3.1/../../../../arm-none-eabi/lib/thumb/v7e-m+fp/softfp\libc.a(lib_a-findfp.o)
                0x1000516c                __sfp_lock_release
 .text.__libc_fini_array
                0x10005178       0x2c c:/maximsdk/tools/gnutools/10.3/bin/../lib/gcc/arm-none-eabi/10.3.1/../../../../arm-none-eabi/lib/thumb/v7e-m+fp/softfp\libc.a(lib_a-fini.o)
                0x10005178                __libc_fini_array
 .text._malloc_trim_r
                0x100051a4       0xa0 c:/maximsdk/tools/gnutools/10.3/bin/../lib/gcc/arm-none-eabi/10.3.1/../../../../arm-none-eabi/lib/thumb/v7e-m+fp/softfp\libc.a(lib_a-freer.o)
                0x100051a4                _malloc_trim_r
 .text._free_r  0x10005244      0x20c c:/maximsdk/tools/gnutools/10.3/bin/../lib/gcc/arm-none-eabi/10.3.1/../../../../arm-none-eabi/lib/thumb/v7e-m+fp/softfp\libc.a(lib_a-freer.o)
                0x10005244                _free_r
 .text.__sfvwrite_r
                0x10005450      0x2f0 c:/maximsdk/tools/gnutools/10.3/bin/../lib/gcc/arm-none-eabi/10.3.1/../../../../arm-none-eabi/lib/thumb/v7e-m+fp/softfp\libc.a(lib_a-fvwrite.o)
                0x10005450                __sfvwrite_r
 .text._fwalk_reent
                0x10005740       0x48 c:/maximsdk/tools/gnutools/10.3/bin/../lib/gcc/arm-none-eabi/10.3.1/../../../../arm-none-eabi/lib/thumb/v7e-m+fp/softfp\libc.a(lib_a-fwalk.o)
                0x10005740                _fwalk_reent
 .text._localeconv_r
                0x10005788        0x8 c:/maximsdk/tools/gnutools/10.3/bin/../lib/gcc/arm-none-eabi/10.3.1/../../../../arm-none-eabi/lib/thumb/v7e-m+fp/softfp\libc.a(lib_a-localeconv.o)
                0x10005788                _localeconv_r
 .text.__retarget_lock_init_recursive
                0x10005790        0x4 c:/maximsdk/tools/gnutools/10.3/bin/../lib/gcc/arm-none-eabi/10.3.1/../../../../arm-none-eabi/lib/thumb/v7e-m+fp/softfp\libc.a(lib_a-lock.o)
                0x10005790                __retarget_lock_init_recursive
 .text.__retarget_lock_close_recursive
                0x10005794        0x4 c:/maximsdk/tools/gnutools/10.3/bin/../lib/gcc/arm-none-eabi/10.3.1/../../../../arm-none-eabi/lib/thumb/v7e-m+fp/softfp\libc.a(lib_a-lock.o)
                0x10005794                __retarget_lock_close_recursive
 .text.__retarget_lock_acquire_recursive
                0x10005798        0x4 c:/maximsdk/tools/gnutools/10.3/bin/../lib/gcc/arm-none-eabi/10.3.1/../../../../arm-none-eabi/lib/thumb/v7e-m+fp/softfp\libc.a(lib_a-lock.o)
                0x10005798                __retarget_lock_acquire_recursive
 .text.__retarget_lock_release_recursive
                0x1000579c        0x4 c:/maximsdk/tools/gnutools/10.3/bin/../lib/gcc/arm-none-eabi/10.3.1/../../../../arm-none-eabi/lib/thumb/v7e-m+fp/softfp\libc.a(lib_a-lock.o)
                0x1000579c                __retarget_lock_release_recursive
 .text.__smakebuf_r
                0x100057a0       0xe0 c:/maximsdk/tools/gnutools/10.3/bin/../lib/gcc/arm-none-eabi/10.3.1/../../../../arm-none-eabi/lib/thumb/v7e-m+fp/softfp\libc.a(lib_a-makebuf.o)
                0x100057a0                __smakebuf_r
 .text._malloc_r
                0x10005880      0x560 c:/maximsdk/tools/gnutools/10.3/bin/../lib/gcc/arm-none-eabi/10.3.1/../../../../arm-none-eabi/lib/thumb/v7e-m+fp/softfp\libc.a(lib_a-mallocr.o)
                0x10005880                _malloc_r
 .text          0x10005de0       0xa0 c:/maximsdk/tools/gnutools/10.3/bin/../lib/gcc/arm-none-eabi/10.3.1/../../../../arm-none-eabi/lib/thumb/v7e-m+fp/softfp\libc.a(lib_a-memchr.o)
                0x10005de0                memchr
 .text.memmove  0x10005e80       0xf8 c:/maximsdk/tools/gnutools/10.3/bin/../lib/gcc/arm-none-eabi/10.3.1/../../../../arm-none-eabi/lib/thumb/v7e-m+fp/softfp\libc.a(lib_a-memmove.o)
                0x10005e80                memmove
 .text.__malloc_lock
                0x10005f78        0xc c:/maximsdk/tools/gnutools/10.3/bin/../lib/gcc/arm-none-eabi/10.3.1/../../../../arm-none-eabi/lib/thumb/v7e-m+fp/softfp\libc.a(lib_a-mlock.o)
                0x10005f78                __malloc_lock
 .text.__malloc_unlock
                0x10005f84        0xc c:/maximsdk/tools/gnutools/10.3/bin/../lib/gcc/arm-none-eabi/10.3.1/../../../../arm-none-eabi/lib/thumb/v7e-m+fp/softfp\libc.a(lib_a-mlock.o)
                0x10005f84                __malloc_unlock
 .text._Balloc  0x10005f90       0x4c c:/maximsdk/tools/gnutools/10.3/bin/../lib/gcc/arm-none-eabi/10.3.1/../../../../arm-none-eabi/lib/thumb/v7e-m+fp/softfp\libc.a(lib_a-mprec.o)
                0x10005f90                _Balloc
 .text._Bfree   0x10005fdc       0x14 c:/maximsdk/tools/gnutools/10.3/bin/../lib/gcc/arm-none-eabi/10.3.1/../../../../arm-none-eabi/lib/thumb/v7e-m+fp/softfp\libc.a(lib_a-mprec.o)
                0x10005fdc                _Bfree
 .text.__multadd
                0x10005ff0       0xa8 c:/maximsdk/tools/gnutools/10.3/bin/../lib/gcc/arm-none-eabi/10.3.1/../../../../arm-none-eabi/lib/thumb/v7e-m+fp/softfp\libc.a(lib_a-mprec.o)
                0x10005ff0                __multadd
 .text.__hi0bits
                0x10006098       0x40 c:/maximsdk/tools/gnutools/10.3/bin/../lib/gcc/arm-none-eabi/10.3.1/../../../../arm-none-eabi/lib/thumb/v7e-m+fp/softfp\libc.a(lib_a-mprec.o)
                0x10006098                __hi0bits
 .text.__lo0bits
                0x100060d8       0x60 c:/maximsdk/tools/gnutools/10.3/bin/../lib/gcc/arm-none-eabi/10.3.1/../../../../arm-none-eabi/lib/thumb/v7e-m+fp/softfp\libc.a(lib_a-mprec.o)
                0x100060d8                __lo0bits
 .text.__i2b    0x10006138       0x5c c:/maximsdk/tools/gnutools/10.3/bin/../lib/gcc/arm-none-eabi/10.3.1/../../../../arm-none-eabi/lib/thumb/v7e-m+fp/softfp\libc.a(lib_a-mprec.o)
                0x10006138                __i2b
 .text.__multiply
                0x10006194      0x15c c:/maximsdk/tools/gnutools/10.3/bin/../lib/gcc/arm-none-eabi/10.3.1/../../../../arm-none-eabi/lib/thumb/v7e-m+fp/softfp\libc.a(lib_a-mprec.o)
                0x10006194                __multiply
 .text.__pow5mult
                0x100062f0       0xc0 c:/maximsdk/tools/gnutools/10.3/bin/../lib/gcc/arm-none-eabi/10.3.1/../../../../arm-none-eabi/lib/thumb/v7e-m+fp/softfp\libc.a(lib_a-mprec.o)
                0x100062f0                __pow5mult
 .text.__lshift
                0x100063b0       0xf0 c:/maximsdk/tools/gnutools/10.3/bin/../lib/gcc/arm-none-eabi/10.3.1/../../../../arm-none-eabi/lib/thumb/v7e-m+fp/softfp\libc.a(lib_a-mprec.o)
                0x100063b0                __lshift
 .text.__mcmp   0x100064a0       0x44 c:/maximsdk/tools/gnutools/10.3/bin/../lib/gcc/arm-none-eabi/10.3.1/../../../../arm-none-eabi/lib/thumb/v7e-m+fp/softfp\libc.a(lib_a-mprec.o)
                0x100064a0                __mcmp
 .text.__mdiff  0x100064e4      0x14c c:/maximsdk/tools/gnutools/10.3/bin/../lib/gcc/arm-none-eabi/10.3.1/../../../../arm-none-eabi/lib/thumb/v7e-m+fp/softfp\libc.a(lib_a-mprec.o)
                0x100064e4                __mdiff
 .text.__d2b    0x10006630       0xc4 c:/maximsdk/tools/gnutools/10.3/bin/../lib/gcc/arm-none-eabi/10.3.1/../../../../arm-none-eabi/lib/thumb/v7e-m+fp/softfp\libc.a(lib_a-mprec.o)
                0x10006630                __d2b
 .text._realloc_r
                0x100066f4      0x3d8 c:/maximsdk/tools/gnutools/10.3/bin/../lib/gcc/arm-none-eabi/10.3.1/../../../../arm-none-eabi/lib/thumb/v7e-m+fp/softfp\libc.a(lib_a-reallocr.o)
                0x100066f4                _realloc_r
 .text.frexp    0x10006acc       0x70 c:/maximsdk/tools/gnutools/10.3/bin/../lib/gcc/arm-none-eabi/10.3.1/../../../../arm-none-eabi/lib/thumb/v7e-m+fp/softfp\libc.a(lib_a-s_frexp.o)
                0x10006acc                frexp
 .text._sbrk_r  0x10006b3c       0x24 c:/maximsdk/tools/gnutools/10.3/bin/../lib/gcc/arm-none-eabi/10.3.1/../../../../arm-none-eabi/lib/thumb/v7e-m+fp/softfp\libc.a(lib_a-sbrkr.o)
                0x10006b3c                _sbrk_r
 .text.__sread  0x10006b60       0x24 c:/maximsdk/tools/gnutools/10.3/bin/../lib/gcc/arm-none-eabi/10.3.1/../../../../arm-none-eabi/lib/thumb/v7e-m+fp/softfp\libc.a(lib_a-stdio.o)
                0x10006b60                __sread
 .text.__swrite
                0x10006b84       0x40 c:/maximsdk/tools/gnutools/10.3/bin/../lib/gcc/arm-none-eabi/10.3.1/../../../../arm-none-eabi/lib/thumb/v7e-m+fp/softfp\libc.a(lib_a-stdio.o)
                0x10006b84                __swrite
 .text.__sseek  0x10006bc4       0x20 c:/maximsdk/tools/gnutools/10.3/bin/../lib/gcc/arm-none-eabi/10.3.1/../../../../arm-none-eabi/lib/thumb/v7e-m+fp/softfp\libc.a(lib_a-stdio.o)
                0x10006bc4                __sseek
 .text.__sclose
                0x10006be4        0x8 c:/maximsdk/tools/gnutools/10.3/bin/../lib/gcc/arm-none-eabi/10.3.1/../../../../arm-none-eabi/lib/thumb/v7e-m+fp/softfp\libc.a(lib_a-stdio.o)
                0x10006be4                __sclose
 .text.strncpy  0x10006bec       0x64 c:/maximsdk/tools/gnutools/10.3/bin/../lib/gcc/arm-none-eabi/10.3.1/../../../../arm-none-eabi/lib/thumb/v7e-m+fp/softfp\libc.a(lib_a-strncpy.o)
                0x10006bec                strncpy
 .text.__sprint_r.part.0
                0x10006c50       0x78 c:/maximsdk/tools/gnutools/10.3/bin/../lib/gcc/arm-none-eabi/10.3.1/../../../../arm-none-eabi/lib/thumb/v7e-m+fp/softfp\libc.a(lib_a-vfiprintf.o)
 .text.__sprint_r
                0x10006cc8       0x18 c:/maximsdk/tools/gnutools/10.3/bin/../lib/gcc/arm-none-eabi/10.3.1/../../../../arm-none-eabi/lib/thumb/v7e-m+fp/softfp\libc.a(lib_a-vfiprintf.o)
                0x10006cc8                __sprint_r
 .text._vfiprintf_r
                0x10006ce0      0xdfc c:/maximsdk/tools/gnutools/10.3/bin/../lib/gcc/arm-none-eabi/10.3.1/../../../../arm-none-eabi/lib/thumb/v7e-m+fp/softfp\libc.a(lib_a-vfiprintf.o)
                0x10006ce0                _vfiprintf_r
 .text.__sbprintf
                0x10007adc       0x80 c:/maximsdk/tools/gnutools/10.3/bin/../lib/gcc/arm-none-eabi/10.3.1/../../../../arm-none-eabi/lib/thumb/v7e-m+fp/softfp\libc.a(lib_a-vfiprintf.o)
 .text._write_r
                0x10007b5c       0x2c c:/maximsdk/tools/gnutools/10.3/bin/../lib/gcc/arm-none-eabi/10.3.1/../../../../arm-none-eabi/lib/thumb/v7e-m+fp/softfp\libc.a(lib_a-writer.o)
                0x10007b5c                _write_r
 .text.__register_exitproc
                0x10007b88       0x8c c:/maximsdk/tools/gnutools/10.3/bin/../lib/gcc/arm-none-eabi/10.3.1/../../../../arm-none-eabi/lib/thumb/v7e-m+fp/softfp\libc.a(lib_a-__atexit.o)
                0x10007b88                __register_exitproc
 .text.__assert_func
                0x10007c14       0x40 c:/maximsdk/tools/gnutools/10.3/bin/../lib/gcc/arm-none-eabi/10.3.1/../../../../arm-none-eabi/lib/thumb/v7e-m+fp/softfp\libc.a(lib_a-assert.o)
                0x10007c14                __assert_func
 .text._calloc_r
                0x10007c54       0x78 c:/maximsdk/tools/gnutools/10.3/bin/../lib/gcc/arm-none-eabi/10.3.1/../../../../arm-none-eabi/lib/thumb/v7e-m+fp/softfp\libc.a(lib_a-callocr.o)
                0x10007c54                _calloc_r
 .text._close_r
                0x10007ccc       0x24 c:/maximsdk/tools/gnutools/10.3/bin/../lib/gcc/arm-none-eabi/10.3.1/../../../../arm-none-eabi/lib/thumb/v7e-m+fp/softfp\libc.a(lib_a-closer.o)
                0x10007ccc                _close_r
 .text._fclose_r
                0x10007cf0       0xcc c:/maximsdk/tools/gnutools/10.3/bin/../lib/gcc/arm-none-eabi/10.3.1/../../../../arm-none-eabi/lib/thumb/v7e-m+fp/softfp\libc.a(lib_a-fclose.o)
                0x10007cf0                _fclose_r
 .text.fiprintf
                0x10007dbc       0x28 c:/maximsdk/tools/gnutools/10.3/bin/../lib/gcc/arm-none-eabi/10.3.1/../../../../arm-none-eabi/lib/thumb/v7e-m+fp/softfp\libc.a(lib_a-fiprintf.o)
                0x10007dbc                fiprintf
 .text.__fputwc
                0x10007de4       0xa8 c:/maximsdk/tools/gnutools/10.3/bin/../lib/gcc/arm-none-eabi/10.3.1/../../../../arm-none-eabi/lib/thumb/v7e-m+fp/softfp\libc.a(lib_a-fputwc.o)
                0x10007de4                __fputwc
 .text._fputwc_r
                0x10007e8c       0x68 c:/maximsdk/tools/gnutools/10.3/bin/../lib/gcc/arm-none-eabi/10.3.1/../../../../arm-none-eabi/lib/thumb/v7e-m+fp/softfp\libc.a(lib_a-fputwc.o)
                0x10007e8c                _fputwc_r
 .text._fstat_r
                0x10007ef4       0x2c c:/maximsdk/tools/gnutools/10.3/bin/../lib/gcc/arm-none-eabi/10.3.1/../../../../arm-none-eabi/lib/thumb/v7e-m+fp/softfp\libc.a(lib_a-fstatr.o)
                0x10007ef4                _fstat_r
 .text._isatty_r
                0x10007f20       0x24 c:/maximsdk/tools/gnutools/10.3/bin/../lib/gcc/arm-none-eabi/10.3.1/../../../../arm-none-eabi/lib/thumb/v7e-m+fp/softfp\libc.a(lib_a-isattyr.o)
                0x10007f20                _isatty_r
 .text.__locale_mb_cur_max
                0x10007f44        0xc c:/maximsdk/tools/gnutools/10.3/bin/../lib/gcc/arm-none-eabi/10.3.1/../../../../arm-none-eabi/lib/thumb/v7e-m+fp/softfp\libc.a(lib_a-locale.o)
                0x10007f44                __locale_mb_cur_max
 .text._lseek_r
                0x10007f50       0x2c c:/maximsdk/tools/gnutools/10.3/bin/../lib/gcc/arm-none-eabi/10.3.1/../../../../arm-none-eabi/lib/thumb/v7e-m+fp/softfp\libc.a(lib_a-lseekr.o)
                0x10007f50                _lseek_r
 .text.__ascii_mbtowc
                0x10007f7c       0x2c c:/maximsdk/tools/gnutools/10.3/bin/../lib/gcc/arm-none-eabi/10.3.1/../../../../arm-none-eabi/lib/thumb/v7e-m+fp/softfp\libc.a(lib_a-mbtowc_r.o)
                0x10007f7c                __ascii_mbtowc
 .text._read_r  0x10007fa8       0x2c c:/maximsdk/tools/gnutools/10.3/bin/../lib/gcc/arm-none-eabi/10.3.1/../../../../arm-none-eabi/lib/thumb/v7e-m+fp/softfp\libc.a(lib_a-readr.o)
                0x10007fa8                _read_r
 .text.__swbuf_r
                0x10007fd4       0xb0 c:/maximsdk/tools/gnutools/10.3/bin/../lib/gcc/arm-none-eabi/10.3.1/../../../../arm-none-eabi/lib/thumb/v7e-m+fp/softfp\libc.a(lib_a-wbuf.o)
                0x10007fd4                __swbuf_r
 .text._wcrtomb_r
                0x10008084       0x3c c:/maximsdk/tools/gnutools/10.3/bin/../lib/gcc/arm-none-eabi/10.3.1/../../../../arm-none-eabi/lib/thumb/v7e-m+fp/softfp\libc.a(lib_a-wcrtomb.o)
                0x10008084                _wcrtomb_r
 .text.__ascii_wctomb
                0x100080c0       0x1c c:/maximsdk/tools/gnutools/10.3/bin/../lib/gcc/arm-none-eabi/10.3.1/../../../../arm-none-eabi/lib/thumb/v7e-m+fp/softfp\libc.a(lib_a-wctomb_r.o)
                0x100080c0                __ascii_wctomb
 .text.abort    0x100080dc       0x10 c:/maximsdk/tools/gnutools/10.3/bin/../lib/gcc/arm-none-eabi/10.3.1/../../../../arm-none-eabi/lib/thumb/v7e-m+fp/softfp\libc.a(lib_a-abort.o)
                0x100080dc                abort
 .text.raise    0x100080ec       0x5c c:/maximsdk/tools/gnutools/10.3/bin/../lib/gcc/arm-none-eabi/10.3.1/../../../../arm-none-eabi/lib/thumb/v7e-m+fp/softfp\libc.a(lib_a-signal.o)
                0x100080ec                raise
 .text._kill_r  0x10008148       0x2c c:/maximsdk/tools/gnutools/10.3/bin/../lib/gcc/arm-none-eabi/10.3.1/../../../../arm-none-eabi/lib/thumb/v7e-m+fp/softfp\libc.a(lib_a-signalr.o)
                0x10008148                _kill_r
 .text._getpid_r
                0x10008174        0x4 c:/maximsdk/tools/gnutools/10.3/bin/../lib/gcc/arm-none-eabi/10.3.1/../../../../arm-none-eabi/lib/thumb/v7e-m+fp/softfp\libc.a(lib_a-signalr.o)
                0x10008174                _getpid_r
 .text._exit    0x10008178        0x4 c:/maximsdk/tools/gnutools/10.3/bin/../lib/gcc/arm-none-eabi/10.3.1/../../../../arm-none-eabi/lib/thumb/v7e-m+fp/softfp\libnosys.a(_exit.o)
                0x10008178                _exit
 .text          0x1000817c      0x378 c:/maximsdk/tools/gnutools/10.3/bin/../lib/gcc/arm-none-eabi/10.3.1/thumb/v7e-m+fp/softfp\libgcc.a(_arm_addsubdf3.o)
                0x1000817c                __aeabi_drsub
                0x10008184                __aeabi_dsub
                0x10008184                __subdf3
                0x10008188                __aeabi_dadd
                0x10008188                __adddf3
                0x10008400                __floatunsidf
                0x10008400                __aeabi_ui2d
                0x10008420                __floatsidf
                0x10008420                __aeabi_i2d
                0x10008444                __aeabi_f2d
                0x10008444                __extendsfdf2
                0x10008488                __floatundidf
                0x10008488                __aeabi_ul2d
                0x10008498                __floatdidf
                0x10008498                __aeabi_l2d
 .text          0x100084f4      0x424 c:/maximsdk/tools/gnutools/10.3/bin/../lib/gcc/arm-none-eabi/10.3.1/thumb/v7e-m+fp/softfp\libgcc.a(_arm_muldivdf3.o)
                0x100084f4                __aeabi_dmul
                0x100084f4                __muldf3
                0x10008748                __divdf3
                0x10008748                __aeabi_ddiv
 .text          0x10008918      0x110 c:/maximsdk/tools/gnutools/10.3/bin/../lib/gcc/arm-none-eabi/10.3.1/thumb/v7e-m+fp/softfp\libgcc.a(_arm_cmpdf2.o)
                0x10008918                __gtdf2
                0x10008918                __gedf2
                0x10008920                __ltdf2
                0x10008920                __ledf2
                0x10008928                __nedf2
                0x10008928                __eqdf2
                0x10008928                __cmpdf2
                0x100089a4                __aeabi_cdrcmple
                0x100089b4                __aeabi_cdcmpeq
                0x100089b4                __aeabi_cdcmple
                0x100089c4                __aeabi_dcmpeq
                0x100089d8                __aeabi_dcmplt
                0x100089ec                __aeabi_dcmple
                0x10008a00                __aeabi_dcmpge
                0x10008a14                __aeabi_dcmpgt
 .text          0x10008a28       0x2c c:/maximsdk/tools/gnutools/10.3/bin/../lib/gcc/arm-none-eabi/10.3.1/thumb/v7e-m+fp/softfp\libgcc.a(_arm_unorddf2.o)
                0x10008a28                __unorddf2
                0x10008a28                __aeabi_dcmpun
 .text          0x10008a54       0x50 c:/maximsdk/tools/gnutools/10.3/bin/../lib/gcc/arm-none-eabi/10.3.1/thumb/v7e-m+fp/softfp\libgcc.a(_arm_fixdfsi.o)
                0x10008a54                __aeabi_d2iz
                0x10008a54                __fixdfsi
 .text          0x10008aa4       0x30 c:/maximsdk/tools/gnutools/10.3/bin/../lib/gcc/arm-none-eabi/10.3.1/thumb/v7e-m+fp/softfp\libgcc.a(_aeabi_uldivmod.o)
                0x10008aa4                __aeabi_uldivmod
 .text          0x10008ad4      0x2d0 c:/maximsdk/tools/gnutools/10.3/bin/../lib/gcc/arm-none-eabi/10.3.1/thumb/v7e-m+fp/softfp\libgcc.a(_udivmoddi4.o)
                0x10008ad4                __udivmoddi4
 .text          0x10008da4        0x4 c:/maximsdk/tools/gnutools/10.3/bin/../lib/gcc/arm-none-eabi/10.3.1/thumb/v7e-m+fp/softfp\libgcc.a(_dvmd_tls.o)
                0x10008da4                __aeabi_idiv0
                0x10008da4                __aeabi_ldiv0
 *(.rodata*)
 .rodata.main.str1.4
                0x10008da8      0x16c c:/MaximSDK/Examples/MAX32650/I2C_SCAN/build/main.o
 .rodata.mxc_assert.str1.4
                0x10008f14       0x19 c:/MaximSDK/Examples/MAX32650/I2C_SCAN/build/board.o
 *fill*         0x10008f2d        0x3 
 .rodata.Board_Init.str1.4
                0x10008f30       0x49 c:/MaximSDK/Examples/MAX32650/I2C_SCAN/build/board.o
 *fill*         0x10008f79        0x3 
 .rodata.led_pin
                0x10008f7c       0x18 c:/MaximSDK/Examples/MAX32650/I2C_SCAN/build/board.o
                0x10008f7c                led_pin
 .rodata.num_leds
                0x10008f94        0x4 c:/MaximSDK/Examples/MAX32650/I2C_SCAN/build/board.o
                0x10008f94                num_leds
 .rodata.num_pbs
                0x10008f98        0x4 c:/MaximSDK/Examples/MAX32650/I2C_SCAN/build/board.o
                0x10008f98                num_pbs
 .rodata.pb_pin
                0x10008f9c       0x18 c:/MaximSDK/Examples/MAX32650/I2C_SCAN/build/board.o
                0x10008f9c                pb_pin
 .rodata.LED_On.str1.4
                0x10008fb4       0x3b c:/MaximSDK/Examples/MAX32650/I2C_SCAN/build/led.o
 *fill*         0x10008fef        0x1 
 .rodata.MXC_GPIO_Common_Handler.str1.4
                0x10008ff0       0x66 C:/MaximSDK/Libraries/PeriphDrivers/bin/MAX32650/softfp/libPeriphDriver_softfp.a(gpio_common.o)
 *fill*         0x10009056        0x2 
 .rodata.MXC_UART_RevA_Init.str1.4
                0x10009058       0x77 C:/MaximSDK/Libraries/PeriphDrivers/bin/MAX32650/softfp/libPeriphDriver_softfp.a(uart_reva.o)
 *fill*         0x100090cf        0x1 
 .rodata.gpio_cfg_i2c0
                0x100090d0        0xc C:/MaximSDK/Libraries/PeriphDrivers/bin/MAX32650/softfp/libPeriphDriver_softfp.a(pins_me10.o)
                0x100090d0                gpio_cfg_i2c0
 .rodata.gpio_cfg_i2c1
                0x100090dc        0xc C:/MaximSDK/Libraries/PeriphDrivers/bin/MAX32650/softfp/libPeriphDriver_softfp.a(pins_me10.o)
                0x100090dc                gpio_cfg_i2c1
 .rodata.gpio_cfg_uart0
                0x100090e8        0xc C:/MaximSDK/Libraries/PeriphDrivers/bin/MAX32650/softfp/libPeriphDriver_softfp.a(pins_me10.o)
                0x100090e8                gpio_cfg_uart0
 .rodata.gpio_cfg_uart1
                0x100090f4        0xc C:/MaximSDK/Libraries/PeriphDrivers/bin/MAX32650/softfp/libPeriphDriver_softfp.a(pins_me10.o)
                0x100090f4                gpio_cfg_uart1
 .rodata.gpio_cfg_uart2
                0x10009100        0xc C:/MaximSDK/Libraries/PeriphDrivers/bin/MAX32650/softfp/libPeriphDriver_softfp.a(pins_me10.o)
                0x10009100                gpio_cfg_uart2
 .rodata._global_impure_ptr
                0x1000910c        0x4 c:/maximsdk/tools/gnutools/10.3/bin/../lib/gcc/arm-none-eabi/10.3.1/../../../../arm-none-eabi/lib/thumb/v7e-m+fp/softfp\libc.a(lib_a-impure.o)
                0x1000910c                _global_impure_ptr
 .rodata._puts_r.str1.4
                0x10009110       0x77 c:/maximsdk/tools/gnutools/10.3/bin/../lib/gcc/arm-none-eabi/10.3.1/../../../../arm-none-eabi/lib/thumb/v7e-m+fp/softfp\libc.a(lib_a-puts.o)
                                  0x2 (size before relaxing)
 .rodata._vfprintf_r.str1.4
                0x10009110       0x42 c:/maximsdk/tools/gnutools/10.3/bin/../lib/gcc/arm-none-eabi/10.3.1/../../../../arm-none-eabi/lib/thumb/v7e-m+fp/softfp\libc.a(lib_a-vfprintf.o)
 *fill*         0x10009152        0x2 
 .rodata.blanks.1
                0x10009154       0x10 c:/maximsdk/tools/gnutools/10.3/bin/../lib/gcc/arm-none-eabi/10.3.1/../../../../arm-none-eabi/lib/thumb/v7e-m+fp/softfp\libc.a(lib_a-vfprintf.o)
 .rodata.zeroes.0
                0x10009164       0x10 c:/maximsdk/tools/gnutools/10.3/bin/../lib/gcc/arm-none-eabi/10.3.1/../../../../arm-none-eabi/lib/thumb/v7e-m+fp/softfp\libc.a(lib_a-vfprintf.o)
 .rodata._dtoa_r.str1.4
                0x10009174       0xa2 c:/maximsdk/tools/gnutools/10.3/bin/../lib/gcc/arm-none-eabi/10.3.1/../../../../arm-none-eabi/lib/thumb/v7e-m+fp/softfp\libc.a(lib_a-dtoa.o)
                                 0xa6 (size before relaxing)
 *fill*         0x10009216        0x2 
 .rodata.__multadd.str1.4
                0x10009218       0x7f c:/maximsdk/tools/gnutools/10.3/bin/../lib/gcc/arm-none-eabi/10.3.1/../../../../arm-none-eabi/lib/thumb/v7e-m+fp/softfp\libc.a(lib_a-mprec.o)
                                 0x93 (size before relaxing)
 *fill*         0x10009297        0x1 
 .rodata.__mprec_bigtens
                0x10009298       0x28 c:/maximsdk/tools/gnutools/10.3/bin/../lib/gcc/arm-none-eabi/10.3.1/../../../../arm-none-eabi/lib/thumb/v7e-m+fp/softfp\libc.a(lib_a-mprec.o)
                0x10009298                __mprec_bigtens
 .rodata.__mprec_tens
                0x100092c0       0xc8 c:/maximsdk/tools/gnutools/10.3/bin/../lib/gcc/arm-none-eabi/10.3.1/../../../../arm-none-eabi/lib/thumb/v7e-m+fp/softfp\libc.a(lib_a-mprec.o)
                0x100092c0                __mprec_tens
 .rodata.p05.0  0x10009388        0xc c:/maximsdk/tools/gnutools/10.3/bin/../lib/gcc/arm-none-eabi/10.3.1/../../../../arm-none-eabi/lib/thumb/v7e-m+fp/softfp\libc.a(lib_a-mprec.o)
 .rodata._vfiprintf_r.str1.4
                0x10009394       0x2f c:/maximsdk/tools/gnutools/10.3/bin/../lib/gcc/arm-none-eabi/10.3.1/../../../../arm-none-eabi/lib/thumb/v7e-m+fp/softfp\libc.a(lib_a-vfiprintf.o)
 .rodata.blanks.1
                0x10009394       0x10 c:/maximsdk/tools/gnutools/10.3/bin/../lib/gcc/arm-none-eabi/10.3.1/../../../../arm-none-eabi/lib/thumb/v7e-m+fp/softfp\libc.a(lib_a-vfiprintf.o)
 .rodata.zeroes.0
                0x100093a4       0x10 c:/maximsdk/tools/gnutools/10.3/bin/../lib/gcc/arm-none-eabi/10.3.1/../../../../arm-none-eabi/lib/thumb/v7e-m+fp/softfp\libc.a(lib_a-vfiprintf.o)
 .rodata.__assert_func.str1.4
                0x100093b4       0x3f c:/maximsdk/tools/gnutools/10.3/bin/../lib/gcc/arm-none-eabi/10.3.1/../../../../arm-none-eabi/lib/thumb/v7e-m+fp/softfp\libc.a(lib_a-assert.o)
                                 0x43 (size before relaxing)
 *fill*         0x100093f3        0x1 
 .rodata._setlocale_r.str1.4
                0x100093f4        0xa c:/maximsdk/tools/gnutools/10.3/bin/../lib/gcc/arm-none-eabi/10.3.1/../../../../arm-none-eabi/lib/thumb/v7e-m+fp/softfp\libc.a(lib_a-locale.o)
                                  0xd (size before relaxing)
 .rodata.str1.4
                0x100093fe        0xa c:/maximsdk/tools/gnutools/10.3/bin/../lib/gcc/arm-none-eabi/10.3.1/../../../../arm-none-eabi/lib/thumb/v7e-m+fp/softfp\libc.a(lib_a-locale.o)
                                  0x2 (size before relaxing)
 *fill*         0x100093fe        0x2 
 .rodata._ctype_
                0x10009400      0x101 c:/maximsdk/tools/gnutools/10.3/bin/../lib/gcc/arm-none-eabi/10.3.1/../../../../arm-none-eabi/lib/thumb/v7e-m+fp/softfp\libc.a(lib_a-ctype_.o)
                0x10009400                _ctype_
 *(.init)
 *fill*         0x10009501        0x3 
 .init          0x10009504        0x4 c:/maximsdk/tools/gnutools/10.3/bin/../lib/gcc/arm-none-eabi/10.3.1/thumb/v7e-m+fp/softfp/crti.o
                0x10009504                _init
 .init          0x10009508        0x8 c:/maximsdk/tools/gnutools/10.3/bin/../lib/gcc/arm-none-eabi/10.3.1/thumb/v7e-m+fp/softfp/crtn.o
 *(.fini)
 .fini          0x10009510        0x4 c:/maximsdk/tools/gnutools/10.3/bin/../lib/gcc/arm-none-eabi/10.3.1/thumb/v7e-m+fp/softfp/crti.o
                0x10009510                _fini
 .fini          0x10009514        0x8 c:/maximsdk/tools/gnutools/10.3/bin/../lib/gcc/arm-none-eabi/10.3.1/thumb/v7e-m+fp/softfp/crtn.o
 *crtbegin.o(.ctors)
 *crtbegin?.o(.ctors)
 *(EXCLUDE_FILE(*crtend.o *crtend?.o) .ctors)
 *(SORT_BY_NAME(.ctors.*))
 *(.ctors)
 *crtbegin.o(.dtors)
 *crtbegin?.o(.dtors)
 *(EXCLUDE_FILE(*crtend.o *crtend?.o) .dtors)
 *(SORT_BY_NAME(.dtors.*))
 *(.dtors)
 *(.eh_frame*)
 .eh_frame      0x1000951c        0x0 c:/maximsdk/tools/gnutools/10.3/bin/../lib/gcc/arm-none-eabi/10.3.1/thumb/v7e-m+fp/softfp/crtbegin.o
 .eh_frame      0x1000951c        0x4 c:/maximsdk/tools/gnutools/10.3/bin/../lib/gcc/arm-none-eabi/10.3.1/thumb/v7e-m+fp/softfp/crtend.o
                0x10009520                _etext = .

.glue_7         0x10009520        0x0
 .glue_7        0x10009520        0x0 linker stubs

.glue_7t        0x10009520        0x0
 .glue_7t       0x10009520        0x0 linker stubs

.vfp11_veneer   0x10009520        0x0
 .vfp11_veneer  0x10009520        0x0 linker stubs

.v4_bx          0x10009520        0x0
 .v4_bx         0x10009520        0x0 linker stubs

.iplt           0x10009520        0x0
 .iplt          0x10009520        0x0 c:/maximsdk/tools/gnutools/10.3/bin/../lib/gcc/arm-none-eabi/10.3.1/thumb/v7e-m+fp/softfp/crtbegin.o

.ARM.extab
 *(.ARM.extab* .gnu.linkonce.armextab.*)

.ARM.exidx      0x10009520        0x8
                0x10009520                __exidx_start = .
 *(.ARM.exidx* .gnu.linkonce.armexidx.*)
 .ARM.exidx     0x10009520        0x8 c:/maximsdk/tools/gnutools/10.3/bin/../lib/gcc/arm-none-eabi/10.3.1/thumb/v7e-m+fp/softfp\libgcc.a(_udivmoddi4.o)
                0x10009528                __exidx_end = .

.rel.dyn        0x10009528        0x0
 .rel.iplt      0x10009528        0x0 c:/maximsdk/tools/gnutools/10.3/bin/../lib/gcc/arm-none-eabi/10.3.1/thumb/v7e-m+fp/softfp/crtbegin.o

.data           0x20000000      0x9c4 load address 0x10009528
                0x20000000                _data = ALIGN (., 0x4)
 *(vtable)
 *(.data*)
 .data.ConsoleUart
                0x20000000        0x4 c:/MaximSDK/Examples/MAX32650/I2C_SCAN/build/board.o
                0x20000000                ConsoleUart
 .data.overflows
                0x20000004        0x4 C:/MaximSDK/Libraries/PeriphDrivers/bin/MAX32650/softfp/libPeriphDriver_softfp.a(mxc_delay.o)
 .data._impure_ptr
                0x20000008        0x4 c:/maximsdk/tools/gnutools/10.3/bin/../lib/gcc/arm-none-eabi/10.3.1/../../../../arm-none-eabi/lib/thumb/v7e-m+fp/softfp\libc.a(lib_a-impure.o)
                0x20000008                _impure_ptr
 *fill*         0x2000000c        0x4 
 .data.impure_data
                0x20000010      0x428 c:/maximsdk/tools/gnutools/10.3/bin/../lib/gcc/arm-none-eabi/10.3.1/../../../../arm-none-eabi/lib/thumb/v7e-m+fp/softfp\libc.a(lib_a-impure.o)
 .data.__atexit_recursive_mutex
                0x20000438        0x4 c:/maximsdk/tools/gnutools/10.3/bin/../lib/gcc/arm-none-eabi/10.3.1/../../../../arm-none-eabi/lib/thumb/v7e-m+fp/softfp\libc.a(lib_a-__call_atexit.o)
                0x20000438                __atexit_recursive_mutex
 .data.__malloc_av_
                0x2000043c      0x408 c:/maximsdk/tools/gnutools/10.3/bin/../lib/gcc/arm-none-eabi/10.3.1/../../../../arm-none-eabi/lib/thumb/v7e-m+fp/softfp\libc.a(lib_a-mallocr.o)
                0x2000043c                __malloc_av_
 .data.__malloc_sbrk_base
                0x20000844        0x4 c:/maximsdk/tools/gnutools/10.3/bin/../lib/gcc/arm-none-eabi/10.3.1/../../../../arm-none-eabi/lib/thumb/v7e-m+fp/softfp\libc.a(lib_a-mallocr.o)
                0x20000844                __malloc_sbrk_base
 .data.__malloc_trim_threshold
                0x20000848        0x4 c:/maximsdk/tools/gnutools/10.3/bin/../lib/gcc/arm-none-eabi/10.3.1/../../../../arm-none-eabi/lib/thumb/v7e-m+fp/softfp\libc.a(lib_a-mallocr.o)
                0x20000848                __malloc_trim_threshold
 .data.__global_locale
                0x2000084c      0x16c c:/maximsdk/tools/gnutools/10.3/bin/../lib/gcc/arm-none-eabi/10.3.1/../../../../arm-none-eabi/lib/thumb/v7e-m+fp/softfp\libc.a(lib_a-locale.o)
                0x2000084c                __global_locale
 *(.spix_config*)
 *(.flashprog*)
                0x200009b8                . = ALIGN (0x4)
                0x200009b8                PROVIDE (__preinit_array_start = .)
 *(.preinit_array)
                0x200009b8                PROVIDE (__preinit_array_end = .)
                0x200009b8                . = ALIGN (0x4)
                0x200009b8                PROVIDE (__init_array_start = .)
 *(SORT_BY_NAME(.init_array.*))
 .init_array.00000
                0x200009b8        0x4 c:/maximsdk/tools/gnutools/10.3/bin/../lib/gcc/arm-none-eabi/10.3.1/../../../../arm-none-eabi/lib/thumb/v7e-m+fp/softfp\libc.a(lib_a-__call_atexit.o)
 *(.init_array)
 .init_array    0x200009bc        0x4 c:/maximsdk/tools/gnutools/10.3/bin/../lib/gcc/arm-none-eabi/10.3.1/thumb/v7e-m+fp/softfp/crtbegin.o
                0x200009c0                PROVIDE (__init_array_end = .)
                0x200009c0                . = ALIGN (0x4)
                0x200009c0                PROVIDE (__fini_array_start = .)
 *(SORT_BY_NAME(.fini_array.*))
 *(.fini_array)
 .fini_array    0x200009c0        0x4 c:/maximsdk/tools/gnutools/10.3/bin/../lib/gcc/arm-none-eabi/10.3.1/thumb/v7e-m+fp/softfp/crtbegin.o
                0x200009c4                PROVIDE (__fini_array_end = .)
                0x200009c4                _edata = ALIGN (., 0x4)
                0x10009528                __load_data = LOADADDR (.data)

.igot.plt       0x200009c4        0x0 load address 0x10009eec
 .igot.plt      0x200009c4        0x0 c:/maximsdk/tools/gnutools/10.3/bin/../lib/gcc/arm-none-eabi/10.3.1/thumb/v7e-m+fp/softfp/crtbegin.o

.bss            0x200009c4      0x510 load address 0x10009eec
                0x200009c4                . = ALIGN (0x4)
                0x200009c4                _bss = .
 *(.bss*)
 .bss           0x200009c4       0x1c c:/maximsdk/tools/gnutools/10.3/bin/../lib/gcc/arm-none-eabi/10.3.1/thumb/v7e-m+fp/softfp/crtbegin.o
 .bss.heap_end  0x200009e0        0x4 c:/MaximSDK/Examples/MAX32650/I2C_SCAN/build/heap.o
 .bss.ChipRevision
                0x200009e4        0x1 c:/MaximSDK/Examples/MAX32650/I2C_SCAN/build/system_max32650.o
                0x200009e4                ChipRevision
 *fill*         0x200009e5        0x3 
 .bss.SystemCoreClock
                0x200009e8        0x4 c:/MaximSDK/Examples/MAX32650/I2C_SCAN/build/system_max32650.o
                0x200009e8                SystemCoreClock
 .bss.cbFunc    0x200009ec        0x4 C:/MaximSDK/Libraries/PeriphDrivers/bin/MAX32650/softfp/libPeriphDriver_softfp.a(mxc_delay.o)
 .bss.ctrl_save
                0x200009f0        0x4 C:/MaximSDK/Libraries/PeriphDrivers/bin/MAX32650/softfp/libPeriphDriver_softfp.a(mxc_delay.o)
 .bss.endtick   0x200009f4        0x4 C:/MaximSDK/Libraries/PeriphDrivers/bin/MAX32650/softfp/libPeriphDriver_softfp.a(mxc_delay.o)
 .bss.callback  0x200009f8      0x200 C:/MaximSDK/Libraries/PeriphDrivers/bin/MAX32650/softfp/libPeriphDriver_softfp.a(gpio_common.o)
 .bss.cbparam   0x20000bf8      0x200 C:/MaximSDK/Libraries/PeriphDrivers/bin/MAX32650/softfp/libPeriphDriver_softfp.a(gpio_common.o)
 .bss.states    0x20000df8       0x40 C:/MaximSDK/Libraries/PeriphDrivers/bin/MAX32650/softfp/libPeriphDriver_softfp.a(i2c_reva.o)
 .bss.rx_states
                0x20000e38        0xc C:/MaximSDK/Libraries/PeriphDrivers/bin/MAX32650/softfp/libPeriphDriver_softfp.a(uart_me10.o)
 .bss.tx_states
                0x20000e44        0xc C:/MaximSDK/Libraries/PeriphDrivers/bin/MAX32650/softfp/libPeriphDriver_softfp.a(uart_me10.o)
 .bss.states    0x20000e50       0x3c C:/MaximSDK/Libraries/PeriphDrivers/bin/MAX32650/softfp/libPeriphDriver_softfp.a(uart_reva.o)
                0x20000e50                states
 .bss.__lock___atexit_recursive_mutex
                0x20000e8c        0x1 c:/maximsdk/tools/gnutools/10.3/bin/../lib/gcc/arm-none-eabi/10.3.1/../../../../arm-none-eabi/lib/thumb/v7e-m+fp/softfp\libc.a(lib_a-lock.o)
                0x20000e8c                __lock___atexit_recursive_mutex
 *fill*         0x20000e8d        0x3 
 .bss.__lock___malloc_recursive_mutex
                0x20000e90        0x1 c:/maximsdk/tools/gnutools/10.3/bin/../lib/gcc/arm-none-eabi/10.3.1/../../../../arm-none-eabi/lib/thumb/v7e-m+fp/softfp\libc.a(lib_a-lock.o)
                0x20000e90                __lock___malloc_recursive_mutex
 *fill*         0x20000e91        0x3 
 .bss.__lock___sfp_recursive_mutex
                0x20000e94        0x1 c:/maximsdk/tools/gnutools/10.3/bin/../lib/gcc/arm-none-eabi/10.3.1/../../../../arm-none-eabi/lib/thumb/v7e-m+fp/softfp\libc.a(lib_a-lock.o)
                0x20000e94                __lock___sfp_recursive_mutex
 *fill*         0x20000e95        0x3 
 .bss.__lock___sinit_recursive_mutex
                0x20000e98        0x1 c:/maximsdk/tools/gnutools/10.3/bin/../lib/gcc/arm-none-eabi/10.3.1/../../../../arm-none-eabi/lib/thumb/v7e-m+fp/softfp\libc.a(lib_a-lock.o)
                0x20000e98                __lock___sinit_recursive_mutex
 *fill*         0x20000e99        0x3 
 .bss.__malloc_current_mallinfo
                0x20000e9c       0x28 c:/maximsdk/tools/gnutools/10.3/bin/../lib/gcc/arm-none-eabi/10.3.1/../../../../arm-none-eabi/lib/thumb/v7e-m+fp/softfp\libc.a(lib_a-mallocr.o)
                0x20000e9c                __malloc_current_mallinfo
 .bss.__malloc_max_sbrked_mem
                0x20000ec4        0x4 c:/maximsdk/tools/gnutools/10.3/bin/../lib/gcc/arm-none-eabi/10.3.1/../../../../arm-none-eabi/lib/thumb/v7e-m+fp/softfp\libc.a(lib_a-mallocr.o)
                0x20000ec4                __malloc_max_sbrked_mem
 .bss.__malloc_max_total_mem
                0x20000ec8        0x4 c:/maximsdk/tools/gnutools/10.3/bin/../lib/gcc/arm-none-eabi/10.3.1/../../../../arm-none-eabi/lib/thumb/v7e-m+fp/softfp\libc.a(lib_a-mallocr.o)
                0x20000ec8                __malloc_max_total_mem
 .bss.__malloc_top_pad
                0x20000ecc        0x4 c:/maximsdk/tools/gnutools/10.3/bin/../lib/gcc/arm-none-eabi/10.3.1/../../../../arm-none-eabi/lib/thumb/v7e-m+fp/softfp\libc.a(lib_a-mallocr.o)
                0x20000ecc                __malloc_top_pad
 .bss.errno     0x20000ed0        0x4 c:/maximsdk/tools/gnutools/10.3/bin/../lib/gcc/arm-none-eabi/10.3.1/../../../../arm-none-eabi/lib/thumb/v7e-m+fp/softfp\libc.a(lib_a-reent.o)
                0x20000ed0                errno
 *(COMMON)
                0x20000ed4                _ebss = ALIGN (., 0x4)
                0x20100000                __StackTop = (ORIGIN (SRAM) + LENGTH (SRAM))
                0x200ff000                __StackLimit = (__StackTop - SIZEOF (.stack_dummy))

.stack_dummy    0x20000ed8     0x1000 load address 0x10009eec
 *(.stack*)
 .stack         0x20000ed8     0x1000 c:/MaximSDK/Examples/MAX32650/I2C_SCAN/build/startup_max32650.o

.heap           0x20000ed8      0xc00 load address 0x10009eec
                0x20000ed8                . = ALIGN (0x4)
 *(.heap*)
 .heap          0x20000ed8      0xc00 c:/MaximSDK/Examples/MAX32650/I2C_SCAN/build/startup_max32650.o
                0x20000ed8                __HeapBase
                0x200ff000                __HeapLimit = ABSOLUTE (__StackLimit)
                0x20100000                PROVIDE (__stack = __StackTop)
                0x00000001                ASSERT ((__StackLimit >= _ebss), region RAM overflowed with stack)
OUTPUT(c:/MaximSDK/Examples/MAX32650/I2C_SCAN/build/I2C_SCAN.elf elf32-littlearm)
LOAD linker stubs

.ARM.attributes
                0x00000000       0x2e
 .ARM.attributes
                0x00000000       0x1e c:/maximsdk/tools/gnutools/10.3/bin/../lib/gcc/arm-none-eabi/10.3.1/thumb/v7e-m+fp/softfp/crti.o
 .ARM.attributes
                0x0000001e       0x32 c:/maximsdk/tools/gnutools/10.3/bin/../lib/gcc/arm-none-eabi/10.3.1/thumb/v7e-m+fp/softfp/crtbegin.o
 .ARM.attributes
                0x00000050       0x32 c:/MaximSDK/Examples/MAX32650/I2C_SCAN/build/main.o
 .ARM.attributes
                0x00000082       0x32 c:/MaximSDK/Examples/MAX32650/I2C_SCAN/build/board.o
 .ARM.attributes
                0x000000b4       0x32 c:/MaximSDK/Examples/MAX32650/I2C_SCAN/build/stdio.o
 .ARM.attributes
                0x000000e6       0x32 c:/MaximSDK/Examples/MAX32650/I2C_SCAN/build/led.o
 .ARM.attributes
                0x00000118       0x32 c:/MaximSDK/Examples/MAX32650/I2C_SCAN/build/pb.o
 .ARM.attributes
                0x0000014a       0x1b c:/MaximSDK/Examples/MAX32650/I2C_SCAN/build/startup_max32650.o
 .ARM.attributes
                0x00000165       0x32 c:/MaximSDK/Examples/MAX32650/I2C_SCAN/build/heap.o
 .ARM.attributes
                0x00000197       0x32 c:/MaximSDK/Examples/MAX32650/I2C_SCAN/build/system_max32650.o
 .ARM.attributes
                0x000001c9       0x32 C:/MaximSDK/Libraries/PeriphDrivers/bin/MAX32650/softfp/libPeriphDriver_softfp.a(mxc_delay.o)
 .ARM.attributes
                0x000001fb       0x32 C:/MaximSDK/Libraries/PeriphDrivers/bin/MAX32650/softfp/libPeriphDriver_softfp.a(sys_me10.o)
 .ARM.attributes
                0x0000022d       0x32 C:/MaximSDK/Libraries/PeriphDrivers/bin/MAX32650/softfp/libPeriphDriver_softfp.a(flc_me10.o)
 .ARM.attributes
                0x0000025f       0x32 C:/MaximSDK/Libraries/PeriphDrivers/bin/MAX32650/softfp/libPeriphDriver_softfp.a(flc_reva.o)
 .ARM.attributes
                0x00000291       0x32 C:/MaximSDK/Libraries/PeriphDrivers/bin/MAX32650/softfp/libPeriphDriver_softfp.a(gpio_me10.o)
 .ARM.attributes
                0x000002c3       0x32 C:/MaximSDK/Libraries/PeriphDrivers/bin/MAX32650/softfp/libPeriphDriver_softfp.a(gpio_reva.o)
 .ARM.attributes
                0x000002f5       0x32 C:/MaximSDK/Libraries/PeriphDrivers/bin/MAX32650/softfp/libPeriphDriver_softfp.a(gpio_common.o)
 .ARM.attributes
                0x00000327       0x32 C:/MaximSDK/Libraries/PeriphDrivers/bin/MAX32650/softfp/libPeriphDriver_softfp.a(i2c_me10.o)
 .ARM.attributes
                0x00000359       0x32 C:/MaximSDK/Libraries/PeriphDrivers/bin/MAX32650/softfp/libPeriphDriver_softfp.a(i2c_reva.o)
 .ARM.attributes
                0x0000038b       0x32 C:/MaximSDK/Libraries/PeriphDrivers/bin/MAX32650/softfp/libPeriphDriver_softfp.a(uart_me10.o)
 .ARM.attributes
                0x000003bd       0x32 C:/MaximSDK/Libraries/PeriphDrivers/bin/MAX32650/softfp/libPeriphDriver_softfp.a(uart_reva.o)
 .ARM.attributes
                0x000003ef       0x32 C:/MaximSDK/Libraries/PeriphDrivers/bin/MAX32650/softfp/libPeriphDriver_softfp.a(uart_common.o)
 .ARM.attributes
                0x00000421       0x32 C:/MaximSDK/Libraries/PeriphDrivers/bin/MAX32650/softfp/libPeriphDriver_softfp.a(pins_me10.o)
 .ARM.attributes
                0x00000453       0x32 c:/maximsdk/tools/gnutools/10.3/bin/../lib/gcc/arm-none-eabi/10.3.1/../../../../arm-none-eabi/lib/thumb/v7e-m+fp/softfp\libc.a(lib_a-errno.o)
 .ARM.attributes
                0x00000485       0x32 c:/maximsdk/tools/gnutools/10.3/bin/../lib/gcc/arm-none-eabi/10.3.1/../../../../arm-none-eabi/lib/thumb/v7e-m+fp/softfp\libc.a(lib_a-impure.o)
 .ARM.attributes
                0x000004b7       0x32 c:/maximsdk/tools/gnutools/10.3/bin/../lib/gcc/arm-none-eabi/10.3.1/../../../../arm-none-eabi/lib/thumb/v7e-m+fp/softfp\libc.a(lib_a-init.o)
 .ARM.attributes
                0x000004e9       0x1c c:/maximsdk/tools/gnutools/10.3/bin/../lib/gcc/arm-none-eabi/10.3.1/../../../../arm-none-eabi/lib/thumb/v7e-m+fp/softfp\libc.a(lib_a-memcpy.o)
 .ARM.attributes
                0x00000505       0x32 c:/maximsdk/tools/gnutools/10.3/bin/../lib/gcc/arm-none-eabi/10.3.1/../../../../arm-none-eabi/lib/thumb/v7e-m+fp/softfp\libc.a(lib_a-memset.o)
 .ARM.attributes
                0x00000537       0x32 c:/maximsdk/tools/gnutools/10.3/bin/../lib/gcc/arm-none-eabi/10.3.1/../../../../arm-none-eabi/lib/thumb/v7e-m+fp/softfp\libc.a(lib_a-printf.o)
 .ARM.attributes
                0x00000569       0x32 c:/maximsdk/tools/gnutools/10.3/bin/../lib/gcc/arm-none-eabi/10.3.1/../../../../arm-none-eabi/lib/thumb/v7e-m+fp/softfp\libc.a(lib_a-puts.o)
 .ARM.attributes
                0x0000059b       0x1c c:/maximsdk/tools/gnutools/10.3/bin/../lib/gcc/arm-none-eabi/10.3.1/../../../../arm-none-eabi/lib/thumb/v7e-m+fp/softfp\libc.a(lib_a-strlen.o)
 .ARM.attributes
                0x000005b7       0x32 c:/maximsdk/tools/gnutools/10.3/bin/../lib/gcc/arm-none-eabi/10.3.1/../../../../arm-none-eabi/lib/thumb/v7e-m+fp/softfp\libc.a(lib_a-vfprintf.o)
 .ARM.attributes
                0x000005e9       0x32 c:/maximsdk/tools/gnutools/10.3/bin/../lib/gcc/arm-none-eabi/10.3.1/../../../../arm-none-eabi/lib/thumb/v7e-m+fp/softfp\libc.a(lib_a-wsetup.o)
 .ARM.attributes
                0x0000061b       0x32 c:/maximsdk/tools/gnutools/10.3/bin/../lib/gcc/arm-none-eabi/10.3.1/../../../../arm-none-eabi/lib/thumb/v7e-m+fp/softfp\libc.a(lib_a-__call_atexit.o)
 .ARM.attributes
                0x0000064d       0x32 c:/maximsdk/tools/gnutools/10.3/bin/../lib/gcc/arm-none-eabi/10.3.1/../../../../arm-none-eabi/lib/thumb/v7e-m+fp/softfp\libc.a(lib_a-atexit.o)
 .ARM.attributes
                0x0000067f       0x32 c:/maximsdk/tools/gnutools/10.3/bin/../lib/gcc/arm-none-eabi/10.3.1/../../../../arm-none-eabi/lib/thumb/v7e-m+fp/softfp\libc.a(lib_a-dtoa.o)
 .ARM.attributes
                0x000006b1       0x32 c:/maximsdk/tools/gnutools/10.3/bin/../lib/gcc/arm-none-eabi/10.3.1/../../../../arm-none-eabi/lib/thumb/v7e-m+fp/softfp\libc.a(lib_a-fflush.o)
 .ARM.attributes
                0x000006e3       0x32 c:/maximsdk/tools/gnutools/10.3/bin/../lib/gcc/arm-none-eabi/10.3.1/../../../../arm-none-eabi/lib/thumb/v7e-m+fp/softfp\libc.a(lib_a-findfp.o)
 .ARM.attributes
                0x00000715       0x32 c:/maximsdk/tools/gnutools/10.3/bin/../lib/gcc/arm-none-eabi/10.3.1/../../../../arm-none-eabi/lib/thumb/v7e-m+fp/softfp\libc.a(lib_a-fini.o)
 .ARM.attributes
                0x00000747       0x32 c:/maximsdk/tools/gnutools/10.3/bin/../lib/gcc/arm-none-eabi/10.3.1/../../../../arm-none-eabi/lib/thumb/v7e-m+fp/softfp\libc.a(lib_a-freer.o)
 .ARM.attributes
                0x00000779       0x32 c:/maximsdk/tools/gnutools/10.3/bin/../lib/gcc/arm-none-eabi/10.3.1/../../../../arm-none-eabi/lib/thumb/v7e-m+fp/softfp\libc.a(lib_a-fvwrite.o)
 .ARM.attributes
                0x000007ab       0x32 c:/maximsdk/tools/gnutools/10.3/bin/../lib/gcc/arm-none-eabi/10.3.1/../../../../arm-none-eabi/lib/thumb/v7e-m+fp/softfp\libc.a(lib_a-fwalk.o)
 .ARM.attributes
                0x000007dd       0x32 c:/maximsdk/tools/gnutools/10.3/bin/../lib/gcc/arm-none-eabi/10.3.1/../../../../arm-none-eabi/lib/thumb/v7e-m+fp/softfp\libc.a(lib_a-localeconv.o)
 .ARM.attributes
                0x0000080f       0x32 c:/maximsdk/tools/gnutools/10.3/bin/../lib/gcc/arm-none-eabi/10.3.1/../../../../arm-none-eabi/lib/thumb/v7e-m+fp/softfp\libc.a(lib_a-lock.o)
 .ARM.attributes
                0x00000841       0x32 c:/maximsdk/tools/gnutools/10.3/bin/../lib/gcc/arm-none-eabi/10.3.1/../../../../arm-none-eabi/lib/thumb/v7e-m+fp/softfp\libc.a(lib_a-makebuf.o)
 .ARM.attributes
                0x00000873       0x32 c:/maximsdk/tools/gnutools/10.3/bin/../lib/gcc/arm-none-eabi/10.3.1/../../../../arm-none-eabi/lib/thumb/v7e-m+fp/softfp\libc.a(lib_a-mallocr.o)
 .ARM.attributes
                0x000008a5       0x1c c:/maximsdk/tools/gnutools/10.3/bin/../lib/gcc/arm-none-eabi/10.3.1/../../../../arm-none-eabi/lib/thumb/v7e-m+fp/softfp\libc.a(lib_a-memchr.o)
 .ARM.attributes
                0x000008c1       0x32 c:/maximsdk/tools/gnutools/10.3/bin/../lib/gcc/arm-none-eabi/10.3.1/../../../../arm-none-eabi/lib/thumb/v7e-m+fp/softfp\libc.a(lib_a-memmove.o)
 .ARM.attributes
                0x000008f3       0x32 c:/maximsdk/tools/gnutools/10.3/bin/../lib/gcc/arm-none-eabi/10.3.1/../../../../arm-none-eabi/lib/thumb/v7e-m+fp/softfp\libc.a(lib_a-mlock.o)
 .ARM.attributes
                0x00000925       0x32 c:/maximsdk/tools/gnutools/10.3/bin/../lib/gcc/arm-none-eabi/10.3.1/../../../../arm-none-eabi/lib/thumb/v7e-m+fp/softfp\libc.a(lib_a-mprec.o)
 .ARM.attributes
                0x00000957       0x32 c:/maximsdk/tools/gnutools/10.3/bin/../lib/gcc/arm-none-eabi/10.3.1/../../../../arm-none-eabi/lib/thumb/v7e-m+fp/softfp\libc.a(lib_a-reallocr.o)
 .ARM.attributes
                0x00000989       0x32 c:/maximsdk/tools/gnutools/10.3/bin/../lib/gcc/arm-none-eabi/10.3.1/../../../../arm-none-eabi/lib/thumb/v7e-m+fp/softfp\libc.a(lib_a-s_frexp.o)
 .ARM.attributes
                0x000009bb       0x32 c:/maximsdk/tools/gnutools/10.3/bin/../lib/gcc/arm-none-eabi/10.3.1/../../../../arm-none-eabi/lib/thumb/v7e-m+fp/softfp\libc.a(lib_a-sbrkr.o)
 .ARM.attributes
                0x000009ed       0x32 c:/maximsdk/tools/gnutools/10.3/bin/../lib/gcc/arm-none-eabi/10.3.1/../../../../arm-none-eabi/lib/thumb/v7e-m+fp/softfp\libc.a(lib_a-stdio.o)
 .ARM.attributes
                0x00000a1f       0x32 c:/maximsdk/tools/gnutools/10.3/bin/../lib/gcc/arm-none-eabi/10.3.1/../../../../arm-none-eabi/lib/thumb/v7e-m+fp/softfp\libc.a(lib_a-strncpy.o)
 .ARM.attributes
                0x00000a51       0x32 c:/maximsdk/tools/gnutools/10.3/bin/../lib/gcc/arm-none-eabi/10.3.1/../../../../arm-none-eabi/lib/thumb/v7e-m+fp/softfp\libc.a(lib_a-vfiprintf.o)
 .ARM.attributes
                0x00000a83       0x32 c:/maximsdk/tools/gnutools/10.3/bin/../lib/gcc/arm-none-eabi/10.3.1/../../../../arm-none-eabi/lib/thumb/v7e-m+fp/softfp\libc.a(lib_a-writer.o)
 .ARM.attributes
                0x00000ab5       0x32 c:/maximsdk/tools/gnutools/10.3/bin/../lib/gcc/arm-none-eabi/10.3.1/../../../../arm-none-eabi/lib/thumb/v7e-m+fp/softfp\libc.a(lib_a-__atexit.o)
 .ARM.attributes
                0x00000ae7       0x32 c:/maximsdk/tools/gnutools/10.3/bin/../lib/gcc/arm-none-eabi/10.3.1/../../../../arm-none-eabi/lib/thumb/v7e-m+fp/softfp\libc.a(lib_a-assert.o)
 .ARM.attributes
                0x00000b19       0x32 c:/maximsdk/tools/gnutools/10.3/bin/../lib/gcc/arm-none-eabi/10.3.1/../../../../arm-none-eabi/lib/thumb/v7e-m+fp/softfp\libc.a(lib_a-callocr.o)
 .ARM.attributes
                0x00000b4b       0x32 c:/maximsdk/tools/gnutools/10.3/bin/../lib/gcc/arm-none-eabi/10.3.1/../../../../arm-none-eabi/lib/thumb/v7e-m+fp/softfp\libc.a(lib_a-closer.o)
 .ARM.attributes
                0x00000b7d       0x32 c:/maximsdk/tools/gnutools/10.3/bin/../lib/gcc/arm-none-eabi/10.3.1/../../../../arm-none-eabi/lib/thumb/v7e-m+fp/softfp\libc.a(lib_a-fclose.o)
 .ARM.attributes
                0x00000baf       0x32 c:/maximsdk/tools/gnutools/10.3/bin/../lib/gcc/arm-none-eabi/10.3.1/../../../../arm-none-eabi/lib/thumb/v7e-m+fp/softfp\libc.a(lib_a-fiprintf.o)
 .ARM.attributes
                0x00000be1       0x32 c:/maximsdk/tools/gnutools/10.3/bin/../lib/gcc/arm-none-eabi/10.3.1/../../../../arm-none-eabi/lib/thumb/v7e-m+fp/softfp\libc.a(lib_a-fputwc.o)
 .ARM.attributes
                0x00000c13       0x32 c:/maximsdk/tools/gnutools/10.3/bin/../lib/gcc/arm-none-eabi/10.3.1/../../../../arm-none-eabi/lib/thumb/v7e-m+fp/softfp\libc.a(lib_a-fstatr.o)
 .ARM.attributes
                0x00000c45       0x32 c:/maximsdk/tools/gnutools/10.3/bin/../lib/gcc/arm-none-eabi/10.3.1/../../../../arm-none-eabi/lib/thumb/v7e-m+fp/softfp\libc.a(lib_a-isattyr.o)
 .ARM.attributes
                0x00000c77       0x32 c:/maximsdk/tools/gnutools/10.3/bin/../lib/gcc/arm-none-eabi/10.3.1/../../../../arm-none-eabi/lib/thumb/v7e-m+fp/softfp\libc.a(lib_a-locale.o)
 .ARM.attributes
                0x00000ca9       0x32 c:/maximsdk/tools/gnutools/10.3/bin/../lib/gcc/arm-none-eabi/10.3.1/../../../../arm-none-eabi/lib/thumb/v7e-m+fp/softfp\libc.a(lib_a-lseekr.o)
 .ARM.attributes
                0x00000cdb       0x32 c:/maximsdk/tools/gnutools/10.3/bin/../lib/gcc/arm-none-eabi/10.3.1/../../../../arm-none-eabi/lib/thumb/v7e-m+fp/softfp\libc.a(lib_a-mbtowc_r.o)
 .ARM.attributes
                0x00000d0d       0x32 c:/maximsdk/tools/gnutools/10.3/bin/../lib/gcc/arm-none-eabi/10.3.1/../../../../arm-none-eabi/lib/thumb/v7e-m+fp/softfp\libc.a(lib_a-readr.o)
 .ARM.attributes
                0x00000d3f       0x32 c:/maximsdk/tools/gnutools/10.3/bin/../lib/gcc/arm-none-eabi/10.3.1/../../../../arm-none-eabi/lib/thumb/v7e-m+fp/softfp\libc.a(lib_a-reent.o)
 .ARM.attributes
                0x00000d71       0x32 c:/maximsdk/tools/gnutools/10.3/bin/../lib/gcc/arm-none-eabi/10.3.1/../../../../arm-none-eabi/lib/thumb/v7e-m+fp/softfp\libc.a(lib_a-wbuf.o)
 .ARM.attributes
                0x00000da3       0x32 c:/maximsdk/tools/gnutools/10.3/bin/../lib/gcc/arm-none-eabi/10.3.1/../../../../arm-none-eabi/lib/thumb/v7e-m+fp/softfp\libc.a(lib_a-wcrtomb.o)
 .ARM.attributes
                0x00000dd5       0x32 c:/maximsdk/tools/gnutools/10.3/bin/../lib/gcc/arm-none-eabi/10.3.1/../../../../arm-none-eabi/lib/thumb/v7e-m+fp/softfp\libc.a(lib_a-wctomb_r.o)
 .ARM.attributes
                0x00000e07       0x32 c:/maximsdk/tools/gnutools/10.3/bin/../lib/gcc/arm-none-eabi/10.3.1/../../../../arm-none-eabi/lib/thumb/v7e-m+fp/softfp\libc.a(lib_a-abort.o)
 .ARM.attributes
                0x00000e39       0x32 c:/maximsdk/tools/gnutools/10.3/bin/../lib/gcc/arm-none-eabi/10.3.1/../../../../arm-none-eabi/lib/thumb/v7e-m+fp/softfp\libc.a(lib_a-ctype_.o)
 .ARM.attributes
                0x00000e6b       0x32 c:/maximsdk/tools/gnutools/10.3/bin/../lib/gcc/arm-none-eabi/10.3.1/../../../../arm-none-eabi/lib/thumb/v7e-m+fp/softfp\libc.a(lib_a-signal.o)
 .ARM.attributes
                0x00000e9d       0x32 c:/maximsdk/tools/gnutools/10.3/bin/../lib/gcc/arm-none-eabi/10.3.1/../../../../arm-none-eabi/lib/thumb/v7e-m+fp/softfp\libc.a(lib_a-signalr.o)
 .ARM.attributes
                0x00000ecf       0x32 c:/maximsdk/tools/gnutools/10.3/bin/../lib/gcc/arm-none-eabi/10.3.1/../../../../arm-none-eabi/lib/thumb/v7e-m+fp/softfp\libnosys.a(_exit.o)
 .ARM.attributes
                0x00000f01       0x1e c:/maximsdk/tools/gnutools/10.3/bin/../lib/gcc/arm-none-eabi/10.3.1/thumb/v7e-m+fp/softfp\libgcc.a(_arm_addsubdf3.o)
 .ARM.attributes
                0x00000f1f       0x1e c:/maximsdk/tools/gnutools/10.3/bin/../lib/gcc/arm-none-eabi/10.3.1/thumb/v7e-m+fp/softfp\libgcc.a(_arm_muldivdf3.o)
 .ARM.attributes
                0x00000f3d       0x1e c:/maximsdk/tools/gnutools/10.3/bin/../lib/gcc/arm-none-eabi/10.3.1/thumb/v7e-m+fp/softfp\libgcc.a(_arm_cmpdf2.o)
 .ARM.attributes
                0x00000f5b       0x1e c:/maximsdk/tools/gnutools/10.3/bin/../lib/gcc/arm-none-eabi/10.3.1/thumb/v7e-m+fp/softfp\libgcc.a(_arm_unorddf2.o)
 .ARM.attributes
                0x00000f79       0x1e c:/maximsdk/tools/gnutools/10.3/bin/../lib/gcc/arm-none-eabi/10.3.1/thumb/v7e-m+fp/softfp\libgcc.a(_arm_fixdfsi.o)
 .ARM.attributes
                0x00000f97       0x1e c:/maximsdk/tools/gnutools/10.3/bin/../lib/gcc/arm-none-eabi/10.3.1/thumb/v7e-m+fp/softfp\libgcc.a(_aeabi_uldivmod.o)
 .ARM.attributes
                0x00000fb5       0x32 c:/maximsdk/tools/gnutools/10.3/bin/../lib/gcc/arm-none-eabi/10.3.1/thumb/v7e-m+fp/softfp\libgcc.a(_udivmoddi4.o)
 .ARM.attributes
                0x00000fe7       0x1e c:/maximsdk/tools/gnutools/10.3/bin/../lib/gcc/arm-none-eabi/10.3.1/thumb/v7e-m+fp/softfp\libgcc.a(_dvmd_tls.o)
 .ARM.attributes
                0x00001005       0x32 c:/maximsdk/tools/gnutools/10.3/bin/../lib/gcc/arm-none-eabi/10.3.1/thumb/v7e-m+fp/softfp/crtend.o
 .ARM.attributes
                0x00001037       0x1e c:/maximsdk/tools/gnutools/10.3/bin/../lib/gcc/arm-none-eabi/10.3.1/thumb/v7e-m+fp/softfp/crtn.o

.comment        0x00000000       0x49
 .comment       0x00000000       0x49 c:/MaximSDK/Examples/MAX32650/I2C_SCAN/build/main.o
                                 0x4a (size before relaxing)
 .comment       0x00000049       0x4a c:/MaximSDK/Examples/MAX32650/I2C_SCAN/build/board.o
 .comment       0x00000049       0x4a c:/MaximSDK/Examples/MAX32650/I2C_SCAN/build/stdio.o
 .comment       0x00000049       0x4a c:/MaximSDK/Examples/MAX32650/I2C_SCAN/build/led.o
 .comment       0x00000049       0x4a c:/MaximSDK/Examples/MAX32650/I2C_SCAN/build/pb.o
 .comment       0x00000049       0x4a c:/MaximSDK/Examples/MAX32650/I2C_SCAN/build/heap.o
 .comment       0x00000049       0x4a c:/MaximSDK/Examples/MAX32650/I2C_SCAN/build/system_max32650.o
 .comment       0x00000049       0x4a C:/MaximSDK/Libraries/PeriphDrivers/bin/MAX32650/softfp/libPeriphDriver_softfp.a(mxc_delay.o)
 .comment       0x00000049       0x4a C:/MaximSDK/Libraries/PeriphDrivers/bin/MAX32650/softfp/libPeriphDriver_softfp.a(sys_me10.o)
 .comment       0x00000049       0x4a C:/MaximSDK/Libraries/PeriphDrivers/bin/MAX32650/softfp/libPeriphDriver_softfp.a(flc_me10.o)
 .comment       0x00000049       0x4a C:/MaximSDK/Libraries/PeriphDrivers/bin/MAX32650/softfp/libPeriphDriver_softfp.a(flc_reva.o)
 .comment       0x00000049       0x4a C:/MaximSDK/Libraries/PeriphDrivers/bin/MAX32650/softfp/libPeriphDriver_softfp.a(gpio_me10.o)
 .comment       0x00000049       0x4a C:/MaximSDK/Libraries/PeriphDrivers/bin/MAX32650/softfp/libPeriphDriver_softfp.a(gpio_reva.o)
 .comment       0x00000049       0x4a C:/MaximSDK/Libraries/PeriphDrivers/bin/MAX32650/softfp/libPeriphDriver_softfp.a(gpio_common.o)
 .comment       0x00000049       0x4a C:/MaximSDK/Libraries/PeriphDrivers/bin/MAX32650/softfp/libPeriphDriver_softfp.a(i2c_me10.o)
 .comment       0x00000049       0x4a C:/MaximSDK/Libraries/PeriphDrivers/bin/MAX32650/softfp/libPeriphDriver_softfp.a(i2c_reva.o)
 .comment       0x00000049       0x4a C:/MaximSDK/Libraries/PeriphDrivers/bin/MAX32650/softfp/libPeriphDriver_softfp.a(uart_me10.o)
 .comment       0x00000049       0x4a C:/MaximSDK/Libraries/PeriphDrivers/bin/MAX32650/softfp/libPeriphDriver_softfp.a(uart_reva.o)
 .comment       0x00000049       0x4a C:/MaximSDK/Libraries/PeriphDrivers/bin/MAX32650/softfp/libPeriphDriver_softfp.a(uart_common.o)
 .comment       0x00000049       0x4a C:/MaximSDK/Libraries/PeriphDrivers/bin/MAX32650/softfp/libPeriphDriver_softfp.a(pins_me10.o)

.debug_info     0x00000000    0x11bc6
 .debug_info    0x00000000      0x51e c:/MaximSDK/Examples/MAX32650/I2C_SCAN/build/main.o
 .debug_info    0x0000051e      0x727 c:/MaximSDK/Examples/MAX32650/I2C_SCAN/build/board.o
 .debug_info    0x00000c45      0x635 c:/MaximSDK/Examples/MAX32650/I2C_SCAN/build/stdio.o
 .debug_info    0x0000127a      0x593 c:/MaximSDK/Examples/MAX32650/I2C_SCAN/build/led.o